
Optional file libmchp_peripheral.a not found

Optional file libmchp_peripheral_32MX270F256B.a not found
Archive member included because of file (symbol)

c:/program files/microchip/xc32/v2.50/bin/bin/../../lib/gcc/pic32mx/4.8.3/../../../../pic32mx/lib\libsupc++.a(class_type_info.o)
                              build/default/production/_ext/1360937237/LedBlink.o (vtable for __cxxabiv1::__class_type_info)
c:/program files/microchip/xc32/v2.50/bin/bin/../../lib/gcc/pic32mx/4.8.3/../../../../pic32mx/lib\libsupc++.a(del_op.o)
                              build/default/production/_ext/1360937237/LedBlink.o (operator delete(void*))
c:/program files/microchip/xc32/v2.50/bin/bin/../../lib/gcc/pic32mx/4.8.3/../../../../pic32mx/lib\libsupc++.a(eh_personality.o)
                              build/default/production/_ext/1360937237/wrapper.o (__gxx_personality_sj0)
c:/program files/microchip/xc32/v2.50/bin/bin/../../lib/gcc/pic32mx/4.8.3/../../../../pic32mx/lib\libsupc++.a(eh_terminate.o)
                              c:/program files/microchip/xc32/v2.50/bin/bin/../../lib/gcc/pic32mx/4.8.3/../../../../pic32mx/lib\libsupc++.a(eh_personality.o) (__cxxabiv1::__terminate(void (*)()))
c:/program files/microchip/xc32/v2.50/bin/bin/../../lib/gcc/pic32mx/4.8.3/../../../../pic32mx/lib\libsupc++.a(eh_throw.o)
                              c:/program files/microchip/xc32/v2.50/bin/bin/../../lib/gcc/pic32mx/4.8.3/../../../../pic32mx/lib\libsupc++.a(eh_personality.o) (__cxa_throw)
c:/program files/microchip/xc32/v2.50/bin/bin/../../lib/gcc/pic32mx/4.8.3/../../../../pic32mx/lib\libsupc++.a(eh_unex_handler.o)
                              c:/program files/microchip/xc32/v2.50/bin/bin/../../lib/gcc/pic32mx/4.8.3/../../../../pic32mx/lib\libsupc++.a(eh_terminate.o) (__cxxabiv1::__unexpected_handler)
c:/program files/microchip/xc32/v2.50/bin/bin/../../lib/gcc/pic32mx/4.8.3/../../../../pic32mx/lib\libsupc++.a(si_class_type_info.o)
                              c:/program files/microchip/xc32/v2.50/bin/bin/../../lib/gcc/pic32mx/4.8.3/../../../../pic32mx/lib\libsupc++.a(class_type_info.o) (vtable for __cxxabiv1::__si_class_type_info)
c:/program files/microchip/xc32/v2.50/bin/bin/../../lib/gcc/pic32mx/4.8.3/../../../../pic32mx/lib\libsupc++.a(tinfo.o)
                              c:/program files/microchip/xc32/v2.50/bin/bin/../../lib/gcc/pic32mx/4.8.3/../../../../pic32mx/lib\libsupc++.a(class_type_info.o) (std::type_info::~type_info())
c:/program files/microchip/xc32/v2.50/bin/bin/../../lib/gcc/pic32mx/4.8.3/../../../../pic32mx/lib\libsupc++.a(eh_alloc.o)
                              c:/program files/microchip/xc32/v2.50/bin/bin/../../lib/gcc/pic32mx/4.8.3/../../../../pic32mx/lib\libsupc++.a(eh_personality.o) (__cxa_allocate_exception)
c:/program files/microchip/xc32/v2.50/bin/bin/../../lib/gcc/pic32mx/4.8.3/../../../../pic32mx/lib\libsupc++.a(eh_call.o)
                              c:/program files/microchip/xc32/v2.50/bin/bin/../../lib/gcc/pic32mx/4.8.3/../../../../pic32mx/lib\libsupc++.a(eh_personality.o) (__cxa_call_terminate)
c:/program files/microchip/xc32/v2.50/bin/bin/../../lib/gcc/pic32mx/4.8.3/../../../../pic32mx/lib\libsupc++.a(eh_catch.o)
                              c:/program files/microchip/xc32/v2.50/bin/bin/../../lib/gcc/pic32mx/4.8.3/../../../../pic32mx/lib\libsupc++.a(eh_personality.o) (__cxa_begin_catch)
c:/program files/microchip/xc32/v2.50/bin/bin/../../lib/gcc/pic32mx/4.8.3/../../../../pic32mx/lib\libsupc++.a(eh_exception.o)
                              c:/program files/microchip/xc32/v2.50/bin/bin/../../lib/gcc/pic32mx/4.8.3/../../../../pic32mx/lib\libsupc++.a(eh_personality.o) (std::bad_exception::~bad_exception())
c:/program files/microchip/xc32/v2.50/bin/bin/../../lib/gcc/pic32mx/4.8.3/../../../../pic32mx/lib\libsupc++.a(eh_globals.o)
                              c:/program files/microchip/xc32/v2.50/bin/bin/../../lib/gcc/pic32mx/4.8.3/../../../../pic32mx/lib\libsupc++.a(eh_personality.o) (__cxa_get_globals_fast)
c:/program files/microchip/xc32/v2.50/bin/bin/../../lib/gcc/pic32mx/4.8.3/../../../../pic32mx/lib\libsupc++.a(eh_term_handler.o)
                              c:/program files/microchip/xc32/v2.50/bin/bin/../../lib/gcc/pic32mx/4.8.3/../../../../pic32mx/lib\libsupc++.a(eh_terminate.o) (__cxxabiv1::__terminate_handler)
c:/program files/microchip/xc32/v2.50/bin/bin/../../lib/gcc/pic32mx/4.8.3/../../../../pic32mx/lib\libsupc++.a(pure.o)
                              c:/program files/microchip/xc32/v2.50/bin/bin/../../lib/gcc/pic32mx/4.8.3/../../../../pic32mx/lib\libsupc++.a(eh_exception.o) (__cxa_pure_virtual)
c:/program files/microchip/xc32/v2.50/bin/bin/../../lib/gcc/pic32mx/4.8.3\libgcc.a(_udivdi3.o)
                              build/default/production/_ext/101884895/sys_time.o (__udivdi3)
c:/program files/microchip/xc32/v2.50/bin/bin/../../lib/gcc/pic32mx/4.8.3\libgcc.a(unwind-sjlj.o)
                              build/default/production/_ext/1360937237/wrapper.o (_Unwind_SjLj_Register)
[...]
Memory Configuration

Name             Origin             Length             Attributes
kseg0_program_mem 0x9d000000         0x0003f000         xr
exception_mem    0x9d03f000         0x00001000
debug_exec_mem   0x9fc00490         0x00000760
kseg0_boot_mem   0x9fc00490         0x00000000
kseg1_boot_mem   0xbfc00000         0x00000490
config3          0xbfc00bf0         0x00000004
config2          0xbfc00bf4         0x00000004
config1          0xbfc00bf8         0x00000004
config0          0xbfc00bfc         0x00000004
kseg1_data_mem   0xa0000000         0x00010000         w !x
sfrs             0xbf800000         0x00100000
configsfrs       0xbfc00bf0         0x00000010
*default*        0x00000000         0xffffffff

Linker script and memory map

LOAD c:/program files/microchip/xc32/v2.50/bin/bin/../../lib/gcc/pic32mx/4.8.3/crti.o
LOAD c:/program files/microchip/xc32/v2.50/bin/bin/../../lib/gcc/pic32mx/4.8.3/crtbegin.o
LOAD build/default/production/_ext/60165520/plib_clk.o
LOAD build/default/production/_ext/1249264884/plib_coretimer.o
LOAD build/default/production/_ext/1865200349/plib_evic.o
LOAD build/default/production/_ext/1865254177/plib_gpio.o
LOAD build/default/production/_ext/1865657120/plib_uart2.o
LOAD build/default/production/_ext/163028504/xc32_monitor.o
LOAD build/default/production/_ext/1832805299/sys_console.o
LOAD build/default/production/_ext/1832805299/sys_console_uart.o
LOAD build/default/production/_ext/944882569/sys_debug.o
LOAD build/default/production/_ext/1881668453/sys_int.o
LOAD build/default/production/_ext/101884895/sys_time.o
LOAD build/default/production/_ext/1171490990/initialization.o
LOAD build/default/production/_ext/1171490990/interrupts.o
LOAD build/default/production/_ext/1171490990/exceptions.o
LOAD build/default/production/_ext/1171490990/tasks.o
LOAD build/default/production/_ext/1360937237/main.o
LOAD build/default/production/_ext/1360937237/app.o
LOAD build/default/production/_ext/1360937237/LedBlink.o
LOAD build/default/production/_ext/1360937237/wrapper.o
                0x00000001                __MPLAB_BUILD = 0x1
                0x00000400                PROVIDE (_min_stack_size, 0x400)
START GROUP
LOAD libmchp_peripheral.a
END GROUP
START GROUP
LOAD libmchp_peripheral_32MX270F256B.a
END GROUP
                0x00000001                PROVIDE (_vector_spacing, 0x1)
                0x9d03f000                PROVIDE (_ebase_address, 0x9d03f000)
                0xbfc00000                _RESET_ADDR = 0xbfc00000
                0xbfc00380                _BEV_EXCPT_ADDR = 0xbfc00380
                0xbfc00480                _DBG_EXCPT_ADDR = 0xbfc00480
                0x9fc00490                _DBG_CODE_ADDR = 0x9fc00490
                0x00000760                _DBG_CODE_SIZE = 0x760
                0x9d03f180                _GEN_EXCPT_ADDR = (_ebase_address + 0x180)

.config_BFC00BF0
                0xbfc00bf0        0x4
 *(.config_BFC00BF0)
 .config_BFC00BF0
                0xbfc00bf0        0x4 build/default/production/_ext/1171490990/initialization.o

.config_BFC00BF4
                0xbfc00bf4        0x4
 *(.config_BFC00BF4)
 .config_BFC00BF4
                0xbfc00bf4        0x4 build/default/production/_ext/1171490990/initialization.o

.config_BFC00BF8
                0xbfc00bf8        0x4
 *(.config_BFC00BF8)
 .config_BFC00BF8
                0xbfc00bf8        0x4 build/default/production/_ext/1171490990/initialization.o

.config_BFC00BFC
                0xbfc00bfc        0x4
 *(.config_BFC00BFC)
 .config_BFC00BFC
                0xbfc00bfc        0x4 build/default/production/_ext/1171490990/initialization.o

.reset          0xbfc00000      0x178
 *(.reset)
 .reset         0xbfc00000        0x8 C:\Users\MOND\AppData\Local\Temp\ccoHRwRK.o
                0xbfc00000                _reset
 *(.reset.startup)
 .reset.startup
                0xbfc00008      0x170 C:\Users\MOND\AppData\Local\Temp\ccoHRwRK.o
                0xbfc00008                _startup

.bev_excpt      0xbfc00380       0x10
 *(.bev_handler)
 .bev_handler   0xbfc00380       0x10 C:\Users\MOND\AppData\Local\Temp\ccoHRwRK.o

.dbg_excpt      0xbfc00480        0x0
                0xbfc00480                . = (. + DEFINED (_DEBUGGER)?0x8:0x0)

.dbg_code       0x9fc00490        0x0
                0x9fc00490                . = (. + DEFINED (_DEBUGGER)?_DBG_CODE_SIZE:0x0)

.app_excpt      0x9d03f180       0x10
 *(.gen_handler)
 .gen_handler   0x9d03f180       0x10 C:\Users\MOND\AppData\Local\Temp\ccoHRwRK.o

.vector_0       0x9d03f200        0x8
 *(.vector_0)
 .vector_0      0x9d03f200        0x8 build/default/production/_ext/1171490990/interrupts.o
                0x9d03f200                __vector_dispatch_0
                0x00000001                ASSERT (((_vector_spacing == 0x0) || (SIZEOF (.vector_0) <= (_vector_spacing << 0x5))), function at exception vector 0 too large)

.vector_1       0x9d03f220        0x8
 *(.vector_1)
 .vector_1      0x9d03f220        0x8 c:/program files/microchip/xc32/v2.50/bin/bin/../../lib/gcc/pic32mx/4.8.3/../../../../pic32mx/lib\libpic32.a(vector1.o)
                0x9d03f220                __vector_dispatch_1
                0x00000001                ASSERT (((_vector_spacing == 0x0) || (SIZEOF (.vector_1) <= (_vector_spacing << 0x5))), function at exception vector 1 too large)

.vector_2       0x9d03f240        0x8
 *(.vector_2)
 .vector_2      0x9d03f240        0x8 c:/program files/microchip/xc32/v2.50/bin/bin/../../lib/gcc/pic32mx/4.8.3/../../../../pic32mx/lib\libpic32.a(vector2.o)
                0x9d03f240                __vector_dispatch_2
                0x00000001                ASSERT (((_vector_spacing == 0x0) || (SIZEOF (.vector_2) <= (_vector_spacing << 0x5))), function at exception vector 2 too large)

.vector_3       0x9d03f260        0x8
 *(.vector_3)
 .vector_3      0x9d03f260        0x8 c:/program files/microchip/xc32/v2.50/bin/bin/../../lib/gcc/pic32mx/4.8.3/../../../../pic32mx/lib\libpic32.a(vector3.o)
                0x9d03f260                __vector_dispatch_3
                0x00000001                ASSERT (((_vector_spacing == 0x0) || (SIZEOF (.vector_3) <= (_vector_spacing << 0x5))), function at exception vector 3 too large)

.vector_4       0x9d03f280        0x8
 *(.vector_4)
 .vector_4      0x9d03f280        0x8 c:/program files/microchip/xc32/v2.50/bin/bin/../../lib/gcc/pic32mx/4.8.3/../../../../pic32mx/lib\libpic32.a(vector4.o)
                0x9d03f280                __vector_dispatch_4
                0x00000001                ASSERT (((_vector_spacing == 0x0) || (SIZEOF (.vector_4) <= (_vector_spacing << 0x5))), function at exception vector 4 too large)

.vector_5       0x9d03f2a0        0x8
 *(.vector_5)
 .vector_5      0x9d03f2a0        0x8 c:/program files/microchip/xc32/v2.50/bin/bin/../../lib/gcc/pic32mx/4.8.3/../../../../pic32mx/lib\libpic32.a(vector5.o)
                0x9d03f2a0                __vector_dispatch_5
                0x00000001                ASSERT (((_vector_spacing == 0x0) || (SIZEOF (.vector_5) <= (_vector_spacing << 0x5))), function at exception vector 5 too large)

.vector_6       0x9d03f2c0        0x8
 *(.vector_6)
 .vector_6      0x9d03f2c0        0x8 c:/program files/microchip/xc32/v2.50/bin/bin/../../lib/gcc/pic32mx/4.8.3/../../../../pic32mx/lib\libpic32.a(vector6.o)
                0x9d03f2c0                __vector_dispatch_6
                0x00000001                ASSERT (((_vector_spacing == 0x0) || (SIZEOF (.vector_6) <= (_vector_spacing << 0x5))), function at exception vector 6 too large)

.vector_7       0x9d03f2e0        0x8
 *(.vector_7)
 .vector_7      0x9d03f2e0        0x8 c:/program files/microchip/xc32/v2.50/bin/bin/../../lib/gcc/pic32mx/4.8.3/../../../../pic32mx/lib\libpic32.a(vector7.o)
                0x9d03f2e0                __vector_dispatch_7
                0x00000001                ASSERT (((_vector_spacing == 0x0) || (SIZEOF (.vector_7) <= (_vector_spacing << 0x5))), function at exception vector 7 too large)

.vector_8       0x9d03f300        0x8
 *(.vector_8)
 .vector_8      0x9d03f300        0x8 c:/program files/microchip/xc32/v2.50/bin/bin/../../lib/gcc/pic32mx/4.8.3/../../../../pic32mx/lib\libpic32.a(vector8.o)
                0x9d03f300                __vector_dispatch_8
                0x00000001                ASSERT (((_vector_spacing == 0x0) || (SIZEOF (.vector_8) <= (_vector_spacing << 0x5))), function at exception vector 8 too large)

.vector_9       0x9d03f320        0x8
 *(.vector_9)
 .vector_9      0x9d03f320        0x8 c:/program files/microchip/xc32/v2.50/bin/bin/../../lib/gcc/pic32mx/4.8.3/../../../../pic32mx/lib\libpic32.a(vector9.o)
                0x9d03f320                __vector_dispatch_9
                0x00000001                ASSERT (((_vector_spacing == 0x0) || (SIZEOF (.vector_9) <= (_vector_spacing << 0x5))), function at exception vector 9 too large)

.vector_10      0x9d03f340        0x8
 *(.vector_10)
 .vector_10     0x9d03f340        0x8 c:/program files/microchip/xc32/v2.50/bin/bin/../../lib/gcc/pic32mx/4.8.3/../../../../pic32mx/lib\libpic32.a(vector10.o)
                0x9d03f340                __vector_dispatch_10
                0x00000001                ASSERT (((_vector_spacing == 0x0) || (SIZEOF (.vector_10) <= (_vector_spacing << 0x5))), function at exception vector 10 too large)

.vector_11      0x9d03f360        0x8
 *(.vector_11)
 .vector_11     0x9d03f360        0x8 c:/program files/microchip/xc32/v2.50/bin/bin/../../lib/gcc/pic32mx/4.8.3/../../../../pic32mx/lib\libpic32.a(vector11.o)
                0x9d03f360                __vector_dispatch_11
                0x00000001                ASSERT (((_vector_spacing == 0x0) || (SIZEOF (.vector_11) <= (_vector_spacing << 0x5))), function at exception vector 11 too large)

.vector_12      0x9d03f380        0x8
 *(.vector_12)
 .vector_12     0x9d03f380        0x8 c:/program files/microchip/xc32/v2.50/bin/bin/../../lib/gcc/pic32mx/4.8.3/../../../../pic32mx/lib\libpic32.a(vector12.o)
                0x9d03f380                __vector_dispatch_12
                0x00000001                ASSERT (((_vector_spacing == 0x0) || (SIZEOF (.vector_12) <= (_vector_spacing << 0x5))), function at exception vector 12 too large)

.vector_13      0x9d03f3a0        0x8
 *(.vector_13)
 .vector_13     0x9d03f3a0        0x8 c:/program files/microchip/xc32/v2.50/bin/bin/../../lib/gcc/pic32mx/4.8.3/../../../../pic32mx/lib\libpic32.a(vector13.o)
                0x9d03f3a0                __vector_dispatch_13
                0x00000001                ASSERT (((_vector_spacing == 0x0) || (SIZEOF (.vector_13) <= (_vector_spacing << 0x5))), function at exception vector 13 too large)

.vector_14      0x9d03f3c0        0x8
 *(.vector_14)
 .vector_14     0x9d03f3c0        0x8 c:/program files/microchip/xc32/v2.50/bin/bin/../../lib/gcc/pic32mx/4.8.3/../../../../pic32mx/lib\libpic32.a(vector14.o)
                0x9d03f3c0                __vector_dispatch_14
                0x00000001                ASSERT (((_vector_spacing == 0x0) || (SIZEOF (.vector_14) <= (_vector_spacing << 0x5))), function at exception vector 14 too large)

.vector_15      0x9d03f3e0        0x8
 *(.vector_15)
 .vector_15     0x9d03f3e0        0x8 c:/program files/microchip/xc32/v2.50/bin/bin/../../lib/gcc/pic32mx/4.8.3/../../../../pic32mx/lib\libpic32.a(vector15.o)
                0x9d03f3e0                __vector_dispatch_15
                0x00000001                ASSERT (((_vector_spacing == 0x0) || (SIZEOF (.vector_15) <= (_vector_spacing << 0x5))), function at exception vector 15 too large)

.vector_16      0x9d03f400        0x8
 *(.vector_16)
 .vector_16     0x9d03f400        0x8 c:/program files/microchip/xc32/v2.50/bin/bin/../../lib/gcc/pic32mx/4.8.3/../../../../pic32mx/lib\libpic32.a(vector16.o)
                0x9d03f400                __vector_dispatch_16
                0x00000001                ASSERT (((_vector_spacing == 0x0) || (SIZEOF (.vector_16) <= (_vector_spacing << 0x5))), function at exception vector 16 too large)

.vector_17      0x9d03f420        0x8
 *(.vector_17)
 .vector_17     0x9d03f420        0x8 c:/program files/microchip/xc32/v2.50/bin/bin/../../lib/gcc/pic32mx/4.8.3/../../../../pic32mx/lib\libpic32.a(vector17.o)
                0x9d03f420                __vector_dispatch_17
                0x00000001                ASSERT (((_vector_spacing == 0x0) || (SIZEOF (.vector_17) <= (_vector_spacing << 0x5))), function at exception vector 17 too large)

.vector_18      0x9d03f440        0x8
 *(.vector_18)
 .vector_18     0x9d03f440        0x8 c:/program files/microchip/xc32/v2.50/bin/bin/../../lib/gcc/pic32mx/4.8.3/../../../../pic32mx/lib\libpic32.a(vector18.o)
                0x9d03f440                __vector_dispatch_18
                0x00000001                ASSERT (((_vector_spacing == 0x0) || (SIZEOF (.vector_18) <= (_vector_spacing << 0x5))), function at exception vector 18 too large)

.vector_19      0x9d03f460        0x8
 *(.vector_19)
 .vector_19     0x9d03f460        0x8 c:/program files/microchip/xc32/v2.50/bin/bin/../../lib/gcc/pic32mx/4.8.3/../../../../pic32mx/lib\libpic32.a(vector19.o)
                0x9d03f460                __vector_dispatch_19
                0x00000001                ASSERT (((_vector_spacing == 0x0) || (SIZEOF (.vector_19) <= (_vector_spacing << 0x5))), function at exception vector 19 too large)

.vector_20      0x9d03f480        0x8
 *(.vector_20)
 .vector_20     0x9d03f480        0x8 c:/program files/microchip/xc32/v2.50/bin/bin/../../lib/gcc/pic32mx/4.8.3/../../../../pic32mx/lib\libpic32.a(vector20.o)
                0x9d03f480                __vector_dispatch_20
                0x00000001                ASSERT (((_vector_spacing == 0x0) || (SIZEOF (.vector_20) <= (_vector_spacing << 0x5))), function at exception vector 20 too large)

.vector_21      0x9d03f4a0        0x8
 *(.vector_21)
 .vector_21     0x9d03f4a0        0x8 c:/program files/microchip/xc32/v2.50/bin/bin/../../lib/gcc/pic32mx/4.8.3/../../../../pic32mx/lib\libpic32.a(vector21.o)
                0x9d03f4a0                __vector_dispatch_21
                0x00000001                ASSERT (((_vector_spacing == 0x0) || (SIZEOF (.vector_21) <= (_vector_spacing << 0x5))), function at exception vector 21 too large)

.vector_22      0x9d03f4c0        0x8
 *(.vector_22)
 .vector_22     0x9d03f4c0        0x8 c:/program files/microchip/xc32/v2.50/bin/bin/../../lib/gcc/pic32mx/4.8.3/../../../../pic32mx/lib\libpic32.a(vector22.o)
                0x9d03f4c0                __vector_dispatch_22
                0x00000001                ASSERT (((_vector_spacing == 0x0) || (SIZEOF (.vector_22) <= (_vector_spacing << 0x5))), function at exception vector 22 too large)

.vector_23      0x9d03f4e0        0x8
 *(.vector_23)
 .vector_23     0x9d03f4e0        0x8 c:/program files/microchip/xc32/v2.50/bin/bin/../../lib/gcc/pic32mx/4.8.3/../../../../pic32mx/lib\libpic32.a(vector23.o)
                0x9d03f4e0                __vector_dispatch_23
                0x00000001                ASSERT (((_vector_spacing == 0x0) || (SIZEOF (.vector_23) <= (_vector_spacing << 0x5))), function at exception vector 23 too large)

.vector_24      0x9d03f500        0x8
 *(.vector_24)
 .vector_24     0x9d03f500        0x8 c:/program files/microchip/xc32/v2.50/bin/bin/../../lib/gcc/pic32mx/4.8.3/../../../../pic32mx/lib\libpic32.a(vector24.o)
                0x9d03f500                __vector_dispatch_24
                0x00000001                ASSERT (((_vector_spacing == 0x0) || (SIZEOF (.vector_24) <= (_vector_spacing << 0x5))), function at exception vector 24 too large)

.vector_25      0x9d03f520        0x8
 *(.vector_25)
 .vector_25     0x9d03f520        0x8 c:/program files/microchip/xc32/v2.50/bin/bin/../../lib/gcc/pic32mx/4.8.3/../../../../pic32mx/lib\libpic32.a(vector25.o)
                0x9d03f520                __vector_dispatch_25
                0x00000001                ASSERT (((_vector_spacing == 0x0) || (SIZEOF (.vector_25) <= (_vector_spacing << 0x5))), function at exception vector 25 too large)

.vector_26      0x9d03f540        0x8
 *(.vector_26)
 .vector_26     0x9d03f540        0x8 c:/program files/microchip/xc32/v2.50/bin/bin/../../lib/gcc/pic32mx/4.8.3/../../../../pic32mx/lib\libpic32.a(vector26.o)
                0x9d03f540                __vector_dispatch_26
                0x00000001                ASSERT (((_vector_spacing == 0x0) || (SIZEOF (.vector_26) <= (_vector_spacing << 0x5))), function at exception vector 26 too large)

.vector_27      0x9d03f560        0x8
 *(.vector_27)
 .vector_27     0x9d03f560        0x8 c:/program files/microchip/xc32/v2.50/bin/bin/../../lib/gcc/pic32mx/4.8.3/../../../../pic32mx/lib\libpic32.a(vector27.o)
                0x9d03f560                __vector_dispatch_27
                0x00000001                ASSERT (((_vector_spacing == 0x0) || (SIZEOF (.vector_27) <= (_vector_spacing << 0x5))), function at exception vector 27 too large)

.vector_28      0x9d03f580        0x8
 *(.vector_28)
 .vector_28     0x9d03f580        0x8 c:/program files/microchip/xc32/v2.50/bin/bin/../../lib/gcc/pic32mx/4.8.3/../../../../pic32mx/lib\libpic32.a(vector28.o)
                0x9d03f580                __vector_dispatch_28
                0x00000001                ASSERT (((_vector_spacing == 0x0) || (SIZEOF (.vector_28) <= (_vector_spacing << 0x5))), function at exception vector 28 too large)

.vector_29      0x9d03f5a0        0x8
 *(.vector_29)
 .vector_29     0x9d03f5a0        0x8 c:/program files/microchip/xc32/v2.50/bin/bin/../../lib/gcc/pic32mx/4.8.3/../../../../pic32mx/lib\libpic32.a(vector29.o)
                0x9d03f5a0                __vector_dispatch_29
                0x00000001                ASSERT (((_vector_spacing == 0x0) || (SIZEOF (.vector_29) <= (_vector_spacing << 0x5))), function at exception vector 29 too large)

.vector_30      0x9d03f5c0        0x8
 *(.vector_30)
 .vector_30     0x9d03f5c0        0x8 c:/program files/microchip/xc32/v2.50/bin/bin/../../lib/gcc/pic32mx/4.8.3/../../../../pic32mx/lib\libpic32.a(vector30.o)
                0x9d03f5c0                __vector_dispatch_30
                0x00000001                ASSERT (((_vector_spacing == 0x0) || (SIZEOF (.vector_30) <= (_vector_spacing << 0x5))), function at exception vector 30 too large)

.vector_31      0x9d03f5e0        0x8
 *(.vector_31)
 .vector_31     0x9d03f5e0        0x8 c:/program files/microchip/xc32/v2.50/bin/bin/../../lib/gcc/pic32mx/4.8.3/../../../../pic32mx/lib\libpic32.a(vector31.o)
                0x9d03f5e0                __vector_dispatch_31
                0x00000001                ASSERT (((_vector_spacing == 0x0) || (SIZEOF (.vector_31) <= (_vector_spacing << 0x5))), function at exception vector 31 too large)

.vector_32      0x9d03f600        0x8
 *(.vector_32)
 .vector_32     0x9d03f600        0x8 c:/program files/microchip/xc32/v2.50/bin/bin/../../lib/gcc/pic32mx/4.8.3/../../../../pic32mx/lib\libpic32.a(vector32.o)
                0x9d03f600                __vector_dispatch_32
                0x00000001                ASSERT (((_vector_spacing == 0x0) || (SIZEOF (.vector_32) <= (_vector_spacing << 0x5))), function at exception vector 32 too large)

.vector_33      0x9d03f620        0x8
 *(.vector_33)
 .vector_33     0x9d03f620        0x8 c:/program files/microchip/xc32/v2.50/bin/bin/../../lib/gcc/pic32mx/4.8.3/../../../../pic32mx/lib\libpic32.a(vector33.o)
                0x9d03f620                __vector_dispatch_33
                0x00000001                ASSERT (((_vector_spacing == 0x0) || (SIZEOF (.vector_33) <= (_vector_spacing << 0x5))), function at exception vector 33 too large)

.vector_34      0x9d03f640        0x8
 *(.vector_34)
 .vector_34     0x9d03f640        0x8 c:/program files/microchip/xc32/v2.50/bin/bin/../../lib/gcc/pic32mx/4.8.3/../../../../pic32mx/lib\libpic32.a(vector34.o)
                0x9d03f640                __vector_dispatch_34
                0x00000001                ASSERT (((_vector_spacing == 0x0) || (SIZEOF (.vector_34) <= (_vector_spacing << 0x5))), function at exception vector 34 too large)

.vector_35      0x9d03f660        0x8
 *(.vector_35)
 .vector_35     0x9d03f660        0x8 c:/program files/microchip/xc32/v2.50/bin/bin/../../lib/gcc/pic32mx/4.8.3/../../../../pic32mx/lib\libpic32.a(vector35.o)
                0x9d03f660                __vector_dispatch_35
                0x00000001                ASSERT (((_vector_spacing == 0x0) || (SIZEOF (.vector_35) <= (_vector_spacing << 0x5))), function at exception vector 35 too large)

.vector_36      0x9d03f680        0x8
 *(.vector_36)
 .vector_36     0x9d03f680        0x8 c:/program files/microchip/xc32/v2.50/bin/bin/../../lib/gcc/pic32mx/4.8.3/../../../../pic32mx/lib\libpic32.a(vector36.o)
                0x9d03f680                __vector_dispatch_36
                0x00000001                ASSERT (((_vector_spacing == 0x0) || (SIZEOF (.vector_36) <= (_vector_spacing << 0x5))), function at exception vector 36 too large)

.vector_37      0x9d03f6a0        0x8
 *(.vector_37)
 .vector_37     0x9d03f6a0        0x8 build/default/production/_ext/1171490990/interrupts.o
                0x9d03f6a0                __vector_dispatch_37
                0x00000001                ASSERT (((_vector_spacing == 0x0) || (SIZEOF (.vector_37) <= (_vector_spacing << 0x5))), function at exception vector 37 too large)

.vector_38      0x9d03f6c0        0x8
 *(.vector_38)
 .vector_38     0x9d03f6c0        0x8 c:/program files/microchip/xc32/v2.50/bin/bin/../../lib/gcc/pic32mx/4.8.3/../../../../pic32mx/lib\libpic32.a(vector38.o)
                0x9d03f6c0                __vector_dispatch_38
                0x00000001                ASSERT (((_vector_spacing == 0x0) || (SIZEOF (.vector_38) <= (_vector_spacing << 0x5))), function at exception vector 38 too large)

.vector_39      0x9d03f6e0        0x8
 *(.vector_39)
 .vector_39     0x9d03f6e0        0x8 c:/program files/microchip/xc32/v2.50/bin/bin/../../lib/gcc/pic32mx/4.8.3/../../../../pic32mx/lib\libpic32.a(vector39.o)
                0x9d03f6e0                __vector_dispatch_39
                0x00000001                ASSERT (((_vector_spacing == 0x0) || (SIZEOF (.vector_39) <= (_vector_spacing << 0x5))), function at exception vector 39 too large)

.vector_40      0x9d03f700        0x8
 *(.vector_40)
 .vector_40     0x9d03f700        0x8 c:/program files/microchip/xc32/v2.50/bin/bin/../../lib/gcc/pic32mx/4.8.3/../../../../pic32mx/lib\libpic32.a(vector40.o)
                0x9d03f700                __vector_dispatch_40
                0x00000001                ASSERT (((_vector_spacing == 0x0) || (SIZEOF (.vector_40) <= (_vector_spacing << 0x5))), function at exception vector 40 too large)

.vector_41      0x9d03f720        0x8
 *(.vector_41)
 .vector_41     0x9d03f720        0x8 c:/program files/microchip/xc32/v2.50/bin/bin/../../lib/gcc/pic32mx/4.8.3/../../../../pic32mx/lib\libpic32.a(vector41.o)
                0x9d03f720                __vector_dispatch_41
                0x00000001                ASSERT (((_vector_spacing == 0x0) || (SIZEOF (.vector_41) <= (_vector_spacing << 0x5))), function at exception vector 41 too large)

.vector_42      0x9d03f740        0x8
 *(.vector_42)
 .vector_42     0x9d03f740        0x8 c:/program files/microchip/xc32/v2.50/bin/bin/../../lib/gcc/pic32mx/4.8.3/../../../../pic32mx/lib\libpic32.a(vector42.o)
                0x9d03f740                __vector_dispatch_42
                0x00000001                ASSERT (((_vector_spacing == 0x0) || (SIZEOF (.vector_42) <= (_vector_spacing << 0x5))), function at exception vector 42 too large)

.vector_43      0x9d03f760        0x8
 *(.vector_43)
 .vector_43     0x9d03f760        0x8 c:/program files/microchip/xc32/v2.50/bin/bin/../../lib/gcc/pic32mx/4.8.3/../../../../pic32mx/lib\libpic32.a(vector43.o)
                0x9d03f760                __vector_dispatch_43
                0x00000001                ASSERT (((_vector_spacing == 0x0) || (SIZEOF (.vector_43) <= (_vector_spacing << 0x5))), function at exception vector 43 too large)

.vector_44      0x9d03f780        0x0
 *(.vector_44)
                0x00000001                ASSERT (((_vector_spacing == 0x0) || (SIZEOF (.vector_44) <= (_vector_spacing << 0x5))), function at exception vector 44 too large)

.vector_45      0x9d03f7a0        0x0
 *(.vector_45)
                0x00000001                ASSERT (((_vector_spacing == 0x0) || (SIZEOF (.vector_45) <= (_vector_spacing << 0x5))), function at exception vector 45 too large)

.vector_46      0x9d03f7c0        0x0
 *(.vector_46)
                0x00000001                ASSERT (((_vector_spacing == 0x0) || (SIZEOF (.vector_46) <= (_vector_spacing << 0x5))), function at exception vector 46 too large)

.vector_47      0x9d03f7e0        0x0
 *(.vector_47)
                0x00000001                ASSERT (((_vector_spacing == 0x0) || (SIZEOF (.vector_47) <= (_vector_spacing << 0x5))), function at exception vector 47 too large)

.vector_48      0x9d03f800        0x0
 *(.vector_48)
                0x00000001                ASSERT (((_vector_spacing == 0x0) || (SIZEOF (.vector_48) <= (_vector_spacing << 0x5))), function at exception vector 48 too large)

.vector_49      0x9d03f820        0x0
 *(.vector_49)
                0x00000001                ASSERT (((_vector_spacing == 0x0) || (SIZEOF (.vector_49) <= (_vector_spacing << 0x5))), function at exception vector 49 too large)

.vector_50      0x9d03f840        0x0
 *(.vector_50)
                0x00000001                ASSERT (((_vector_spacing == 0x0) || (SIZEOF (.vector_50) <= (_vector_spacing << 0x5))), function at exception vector 50 too large)

.vector_51      0x9d03f860        0x0
 *(.vector_51)
                0x00000001                ASSERT (((_vector_spacing == 0x0) || (SIZEOF (.vector_51) <= (_vector_spacing << 0x5))), function at exception vector 51 too large)

.vector_52      0x9d03f880        0x0
 *(.vector_52)
                0x00000001                ASSERT (((_vector_spacing == 0x0) || (SIZEOF (.vector_52) <= (_vector_spacing << 0x5))), function at exception vector 52 too large)

.vector_53      0x9d03f8a0        0x0
 *(.vector_53)
                0x00000001                ASSERT (((_vector_spacing == 0x0) || (SIZEOF (.vector_53) <= (_vector_spacing << 0x5))), function at exception vector 53 too large)

.vector_54      0x9d03f8c0        0x0
 *(.vector_54)
                0x00000001                ASSERT (((_vector_spacing == 0x0) || (SIZEOF (.vector_54) <= (_vector_spacing << 0x5))), function at exception vector 54 too large)

.vector_55      0x9d03f8e0        0x0
 *(.vector_55)
                0x00000001                ASSERT (((_vector_spacing == 0x0) || (SIZEOF (.vector_55) <= (_vector_spacing << 0x5))), function at exception vector 55 too large)

.vector_56      0x9d03f900        0x0
 *(.vector_56)
                0x00000001                ASSERT (((_vector_spacing == 0x0) || (SIZEOF (.vector_56) <= (_vector_spacing << 0x5))), function at exception vector 56 too large)

.vector_57      0x9d03f920        0x0
 *(.vector_57)
                0x00000001                ASSERT (((_vector_spacing == 0x0) || (SIZEOF (.vector_57) <= (_vector_spacing << 0x5))), function at exception vector 57 too large)

.vector_58      0x9d03f940        0x0
 *(.vector_58)
                0x00000001                ASSERT (((_vector_spacing == 0x0) || (SIZEOF (.vector_58) <= (_vector_spacing << 0x5))), function at exception vector 58 too large)

.vector_59      0x9d03f960        0x0
 *(.vector_59)
                0x00000001                ASSERT (((_vector_spacing == 0x0) || (SIZEOF (.vector_59) <= (_vector_spacing << 0x5))), function at exception vector 59 too large)

.vector_60      0x9d03f980        0x0
 *(.vector_60)
                0x00000001                ASSERT (((_vector_spacing == 0x0) || (SIZEOF (.vector_60) <= (_vector_spacing << 0x5))), function at exception vector 60 too large)

.vector_61      0x9d03f9a0        0x0
 *(.vector_61)
                0x00000001                ASSERT (((_vector_spacing == 0x0) || (SIZEOF (.vector_61) <= (_vector_spacing << 0x5))), function at exception vector 61 too large)

.vector_62      0x9d03f9c0        0x0
 *(.vector_62)
                0x00000001                ASSERT (((_vector_spacing == 0x0) || (SIZEOF (.vector_62) <= (_vector_spacing << 0x5))), function at exception vector 62 too large)

.vector_63      0x9d03f9e0        0x0
 *(.vector_63)
                0x00000001                ASSERT (((_vector_spacing == 0x0) || (SIZEOF (.vector_63) <= (_vector_spacing << 0x5))), function at exception vector 63 too large)

.startup
 *(.startup)

.text           0x9d000000      0x538
 *(.stub .gnu.linkonce.t.*)
 *(.text.*personality*)
 .text.__gxx_personality_sj0
                0x9d000000      0x538 c:/program files/microchip/xc32/v2.50/bin/bin/../../lib/gcc/pic32mx/4.8.3/../../../../pic32mx/lib\libsupc++.a(eh_personality.o)
                0x9d000000                __gxx_personality_sj0
 *(.mips16.fn.*)
 *(.mips16.call.*)
 *(.gnu.warning)
                0x9d000538                . = ALIGN (0x4)

.init           0x9d000538       0x24
 *crti.o(.init)
 .init          0x9d000538        0x8 c:/program files/microchip/xc32/v2.50/bin/bin/../../lib/gcc/pic32mx/4.8.3/crti.o
                0x9d000538                _init
 *crtbegin.o(.init)
 .init          0x9d000540        0x8 c:/program files/microchip/xc32/v2.50/bin/bin/../../lib/gcc/pic32mx/4.8.3/crtbegin.o
 *(EXCLUDE_FILE(*crtn.o *crtend?.o *crtend.o) .init)
 *crtend.o(.init)
 .init          0x9d000548        0x8 c:/program files/microchip/xc32/v2.50/bin/bin/../../lib/gcc/pic32mx/4.8.3/crtend.o
 *crtn.o(.init)
 .init          0x9d000550        0xc c:/program files/microchip/xc32/v2.50/bin/bin/../../lib/gcc/pic32mx/4.8.3/crtn.o
                0x9d00055c                . = ALIGN (0x4)

.fini           0x9d00055c       0x1c
 *(.fini)
 .fini          0x9d00055c        0x8 c:/program files/microchip/xc32/v2.50/bin/bin/../../lib/gcc/pic32mx/4.8.3/crti.o
                0x9d00055c                _fini
 .fini          0x9d000564        0x8 c:/program files/microchip/xc32/v2.50/bin/bin/../../lib/gcc/pic32mx/4.8.3/crtbegin.o
 .fini          0x9d00056c        0xc c:/program files/microchip/xc32/v2.50/bin/bin/../../lib/gcc/pic32mx/4.8.3/crtn.o
                0x9d000578                . = ALIGN (0x4)

.preinit_array  0x9d000578        0x0
                0x9d000578                PROVIDE (__preinit_array_start, .)
 *(.preinit_array)
                0x9d000578                PROVIDE (__preinit_array_end, .)
                0x9d000578                . = ALIGN (0x4)

.init_array     0x9d000578        0x0
                0x9d000578                PROVIDE (__init_array_start, .)
 *(SORT(.init_array.*))
 *(.init_array)
                0x9d000578                PROVIDE (__init_array_end, .)
                0x9d000578                . = ALIGN (0x4)

.fini_array     0x9d000578        0x0
                0x9d000578                PROVIDE (__fini_array_start, .)
 *(SORT(.fini_array.*))
 *(.fini_array)
                0x9d000578                PROVIDE (__fini_array_end, .)
                0x9d000578                . = ALIGN (0x4)

.ctors          0x9d000578        0x8
 *crtbegin.o(.ctors)
 .ctors         0x9d000578        0x4 c:/program files/microchip/xc32/v2.50/bin/bin/../../lib/gcc/pic32mx/4.8.3/crtbegin.o
 *crtbegin?.o(.ctors)
 *(EXCLUDE_FILE(*crtend?.o *crtend.o) .ctors)
 *(SORT(.ctors.*))
 *(.ctors)
 .ctors         0x9d00057c        0x4 c:/program files/microchip/xc32/v2.50/bin/bin/../../lib/gcc/pic32mx/4.8.3/crtend.o
                0x9d000580                . = ALIGN (0x4)

.dtors          0x9d000580        0x8
 *crtbegin.o(.dtors)
 .dtors         0x9d000580        0x4 c:/program files/microchip/xc32/v2.50/bin/bin/../../lib/gcc/pic32mx/4.8.3/crtbegin.o
 *crtbegin?.o(.dtors)
 *(EXCLUDE_FILE(*crtend?.o *crtend.o) .dtors)
 *(SORT(.dtors.*))
 *(.dtors)
 .dtors         0x9d000584        0x4 c:/program files/microchip/xc32/v2.50/bin/bin/../../lib/gcc/pic32mx/4.8.3/crtend.o
                0x9d000584                __DTOR_END__
                0x9d000588                . = ALIGN (0x4)

.rodata         0x9d000588      0x17c
 *(.gnu.linkonce.r.*)
 .gnu.linkonce.r._ZTS8LedBlink
                0x9d000588        0xc build/default/production/_ext/1360937237/LedBlink.o
                0x9d000588                typeinfo name for LedBlink
 .gnu.linkonce.r._ZTI8LedBlink
                0x9d000594        0x8 build/default/production/_ext/1360937237/LedBlink.o
                0x9d000594                typeinfo for LedBlink
 *fill*         0x9d00059c        0x4 
 .gnu.linkonce.r._ZTV8LedBlink
                0x9d0005a0       0x10 build/default/production/_ext/1360937237/LedBlink.o
                0x9d0005a0                vtable for LedBlink
 .gnu.linkonce.r._ZTSN10__cxxabiv117__class_type_infoE._ZTSN10__cxxabiv117__class_type_infoE
                0x9d0005b0       0x24 c:/program files/microchip/xc32/v2.50/bin/bin/../../lib/gcc/pic32mx/4.8.3/../../../../pic32mx/lib\libsupc++.a(class_type_info.o)
                0x9d0005b0                typeinfo name for __cxxabiv1::__class_type_info
 .gnu.linkonce.r._ZTIN10__cxxabiv117__class_type_infoE._ZTIN10__cxxabiv117__class_type_infoE
                0x9d0005d4        0xc c:/program files/microchip/xc32/v2.50/bin/bin/../../lib/gcc/pic32mx/4.8.3/../../../../pic32mx/lib\libsupc++.a(class_type_info.o)
                0x9d0005d4                typeinfo for __cxxabiv1::__class_type_info
 .gnu.linkonce.r._ZTVN10__cxxabiv117__class_type_infoE._ZTVN10__cxxabiv117__class_type_infoE
                0x9d0005e0       0x30 c:/program files/microchip/xc32/v2.50/bin/bin/../../lib/gcc/pic32mx/4.8.3/../../../../pic32mx/lib\libsupc++.a(class_type_info.o)
                0x9d0005e0                vtable for __cxxabiv1::__class_type_info
 .gnu.linkonce.r._ZTSN10__cxxabiv120__si_class_type_infoE._ZTSN10__cxxabiv120__si_class_type_infoE
                0x9d000610       0x28 c:/program files/microchip/xc32/v2.50/bin/bin/../../lib/gcc/pic32mx/4.8.3/../../../../pic32mx/lib\libsupc++.a(si_class_type_info.o)
                0x9d000610                typeinfo name for __cxxabiv1::__si_class_type_info
 .gnu.linkonce.r._ZTIN10__cxxabiv120__si_class_type_infoE._ZTIN10__cxxabiv120__si_class_type_infoE
                0x9d000638        0xc c:/program files/microchip/xc32/v2.50/bin/bin/../../lib/gcc/pic32mx/4.8.3/../../../../pic32mx/lib\libsupc++.a(si_class_type_info.o)
                0x9d000638                typeinfo for __cxxabiv1::__si_class_type_info
 *fill*         0x9d000644        0x4 
 .gnu.linkonce.r._ZTVN10__cxxabiv120__si_class_type_infoE._ZTVN10__cxxabiv120__si_class_type_infoE
                0x9d000648       0x30 c:/program files/microchip/xc32/v2.50/bin/bin/../../lib/gcc/pic32mx/4.8.3/../../../../pic32mx/lib\libsupc++.a(si_class_type_info.o)
                0x9d000648                vtable for __cxxabiv1::__si_class_type_info
 .gnu.linkonce.r._ZTSSt9type_info._ZTSSt9type_info
                0x9d000678       0x10 c:/program files/microchip/xc32/v2.50/bin/bin/../../lib/gcc/pic32mx/4.8.3/../../../../pic32mx/lib\libsupc++.a(tinfo.o)
                0x9d000678                typeinfo name for std::type_info
 .gnu.linkonce.r._ZTISt9type_info._ZTISt9type_info
                0x9d000688        0x8 c:/program files/microchip/xc32/v2.50/bin/bin/../../lib/gcc/pic32mx/4.8.3/../../../../pic32mx/lib\libsupc++.a(tinfo.o)
                0x9d000688                typeinfo for std::type_info
 .gnu.linkonce.r._ZTVSt9type_info._ZTVSt9type_info
                0x9d000690       0x20 c:/program files/microchip/xc32/v2.50/bin/bin/../../lib/gcc/pic32mx/4.8.3/../../../../pic32mx/lib\libsupc++.a(tinfo.o)
                0x9d000690                vtable for std::type_info
 .gnu.linkonce.r._ZTSN10__cxxabiv115__forced_unwindE._ZTSN10__cxxabiv115__forced_unwindE
                0x9d0006b0       0x20 c:/program files/microchip/xc32/v2.50/bin/bin/../../lib/gcc/pic32mx/4.8.3/../../../../pic32mx/lib\libsupc++.a(eh_exception.o)
                0x9d0006b0                typeinfo name for __cxxabiv1::__forced_unwind
 .gnu.linkonce.r._ZTIN10__cxxabiv115__forced_unwindE._ZTIN10__cxxabiv115__forced_unwindE
                0x9d0006d0        0x8 c:/program files/microchip/xc32/v2.50/bin/bin/../../lib/gcc/pic32mx/4.8.3/../../../../pic32mx/lib\libsupc++.a(eh_exception.o)
                0x9d0006d0                typeinfo for __cxxabiv1::__forced_unwind
 .gnu.linkonce.r._ZTSN10__cxxabiv119__foreign_exceptionE._ZTSN10__cxxabiv119__foreign_exceptionE
                0x9d0006d8       0x24 c:/program files/microchip/xc32/v2.50/bin/bin/../../lib/gcc/pic32mx/4.8.3/../../../../pic32mx/lib\libsupc++.a(eh_exception.o)
                0x9d0006d8                typeinfo name for __cxxabiv1::__foreign_exception
 .gnu.linkonce.r._ZTIN10__cxxabiv119__foreign_exceptionE._ZTIN10__cxxabiv119__foreign_exceptionE
                0x9d0006fc        0x8 c:/program files/microchip/xc32/v2.50/bin/bin/../../lib/gcc/pic32mx/4.8.3/../../../../pic32mx/lib\libsupc++.a(eh_exception.o)
                0x9d0006fc                typeinfo for __cxxabiv1::__foreign_exception
 *(.rodata1)
                0x9d000704                . = ALIGN (0x4)

.sdata2         0x9d000704        0x0
 *(.sdata2 .sdata2.* .gnu.linkonce.s2.*)
                0x9d000704                . = ALIGN (0x4)

.sbss2          0x9d000704        0x0
 *(.sbss2 .sbss2.* .gnu.linkonce.sb2.*)
                0x9d000704                . = ALIGN (0x4)

.eh_frame_hdr
 *(.eh_frame_hdr)
                0x9d000704                . = ALIGN (0x4)

.eh_frame
 *(.eh_frame)
                0x9d000704                . = ALIGN (0x4)

.gcc_except_table
 *(.gcc_except_table .gcc_except_table.*)
                0x9d000704                . = ALIGN (0x4)

.dbg_data       0xa0000000        0x0
                0xa0000000                . = (. + DEFINED (_DEBUGGER)?0x200:0x0)

.jcr            0xa0000000        0x4
 *(.jcr)
 .jcr           0xa0000000        0x0 c:/program files/microchip/xc32/v2.50/bin/bin/../../lib/gcc/pic32mx/4.8.3/crtbegin.o
 .jcr           0xa0000000        0x4 c:/program files/microchip/xc32/v2.50/bin/bin/../../lib/gcc/pic32mx/4.8.3/crtend.o
                0xa0000004                . = ALIGN (0x4)

.eh_frame       0xa0000004        0x4
 *(.eh_frame)
 .eh_frame      0xa0000004        0x0 c:/program files/microchip/xc32/v2.50/bin/bin/../../lib/gcc/pic32mx/4.8.3/crtbegin.o
 .eh_frame      0xa0000004        0x4 c:/program files/microchip/xc32/v2.50/bin/bin/../../lib/gcc/pic32mx/4.8.3/crtend.o
                0xa0000008                . = ALIGN (0x4)

.gcc_except_table
                0xa0000008       0x38
 *(.gcc_except_table .gcc_except_table.*)
 .gcc_except_table
                0xa0000008        0x6 build/default/production/_ext/1360937237/wrapper.o
 *fill*         0xa000000e        0x2 
 .gcc_except_table
                0xa0000010       0x20 c:/program files/microchip/xc32/v2.50/bin/bin/../../lib/gcc/pic32mx/4.8.3/../../../../pic32mx/lib\libsupc++.a(eh_personality.o)
 .gcc_except_table
                0xa0000030       0x10 c:/program files/microchip/xc32/v2.50/bin/bin/../../lib/gcc/pic32mx/4.8.3/../../../../pic32mx/lib\libsupc++.a(eh_terminate.o)
                0xa0000040                . = ALIGN (0x4)

.persist        0xa0000040        0x0
                0xa0000040                _persist_begin = .
 *(.persist .persist.*)
                0xa0000040                . = ALIGN (0x4)
                0xa0000040                _persist_end = .

.data           0xa0000040        0x0
 *(.gnu.linkonce.d.*)
 *(.data1)
                0xa0000040                . = ALIGN (0x4)
                0xa0000040                . = .
                0xa0008030                _gp = (ALIGN (0x10) + 0x7ff0)

.got            0xa0000040        0x0
 *(.got.plt)
 *(.got)
                0xa0000040                . = ALIGN (0x4)

.sdata          0xa0000040       0x10
                0xa0000040                _sdata_begin = .
 *(.sdata .sdata.* .gnu.linkonce.s.*)
 .sdata         0xa0000040        0x4 c:/program files/microchip/xc32/v2.50/bin/bin/../../lib/gcc/pic32mx/4.8.3/crtbegin.o
                0xa0000040                __dso_handle
 .sdata         0xa0000044        0x2 build/default/production/_ext/101884895/sys_time.o
 *fill*         0xa0000046        0x2 
 .sdata._ZN10__cxxabiv120__unexpected_handlerE.__unexpected_handler
                0xa0000048        0x4 c:/program files/microchip/xc32/v2.50/bin/bin/../../lib/gcc/pic32mx/4.8.3/../../../../pic32mx/lib\libsupc++.a(eh_unex_handler.o)
                0xa0000048                __cxxabiv1::__unexpected_handler
 .sdata._ZN10__cxxabiv119__terminate_handlerE.__terminate_handler
                0xa000004c        0x4 c:/program files/microchip/xc32/v2.50/bin/bin/../../lib/gcc/pic32mx/4.8.3/../../../../pic32mx/lib\libsupc++.a(eh_term_handler.o)
                0xa000004c                __cxxabiv1::__terminate_handler
                0xa0000050                . = ALIGN (0x4)
                0xa0000050                _sdata_end = .

.lit8
 *(.lit8)

.lit4
 *(.lit4)
                0xa0000050                . = ALIGN (0x4)
                0xa0000050                _data_end = .
                0xa0000050                _bss_begin = .

.sbss           0xa0000050       0x34
                0xa0000050                _sbss_begin = .
 *(.dynsbss)
 *(.sbss .sbss.* .gnu.linkonce.sb.*)
 .sbss          0xa0000050        0x2 build/default/production/_ext/1832805299/sys_console.o
 *fill*         0xa0000052        0x2 
 .sbss          0xa0000054        0x8 build/default/production/_ext/944882569/sys_debug.o
 .sbss          0xa000005c        0x8 build/default/production/_ext/1171490990/exceptions.o
 .sbss._ZL15dependents_used.dependents_used
                0xa0000064        0x4 c:/program files/microchip/xc32/v2.50/bin/bin/../../lib/gcc/pic32mx/4.8.3/../../../../pic32mx/lib\libsupc++.a(eh_alloc.o)
 .sbss._ZL14emergency_used.emergency_used
                0xa0000068        0x4 c:/program files/microchip/xc32/v2.50/bin/bin/../../lib/gcc/pic32mx/4.8.3/../../../../pic32mx/lib\libsupc++.a(eh_alloc.o)
 .sbss._ZL10eh_globals.eh_globals
                0xa000006c        0x8 c:/program files/microchip/xc32/v2.50/bin/bin/../../lib/gcc/pic32mx/4.8.3/../../../../pic32mx/lib\libsupc++.a(eh_globals.o)
 *(.scommon)
 .scommon       0xa0000074        0x8 build/default/production/_ext/1249264884/plib_coretimer.o
                0xa0000074                coreTmr
 .scommon       0xa000007c        0x4 build/default/production/_ext/944882569/sys_debug.o
                0xa000007c                gblErrLvl
 .scommon       0xa0000080        0x4 build/default/production/_ext/1360937237/app.o
                0xa0000080                appData
                0xa0000084                _sbss_end = .
                0xa0000084                . = ALIGN (0x4)

.bss            0xa0000084       0x50
 *(.dynbss)
 *(COMMON)
 COMMON         0xa0000084       0x44 build/default/production/_ext/1865657120/plib_uart2.o
                0xa0000084                uart2Obj
 COMMON         0xa00000c8        0xc build/default/production/_ext/1171490990/initialization.o
                0xa00000c8                sysObj
                0xa00000d4                . = ALIGN ((. != 0x0)?0x4:0x1)
                0xa00000d4                . = ALIGN (0x4)
                0xa00000d4                _end = .
                0xa00000d4                _bss_end = .
                0x00010000                _bmxdudba_address = 0x10000
                0x00010000                _bmxdupba_address = 0x10000

/DISCARD/
 *(.pdr)
 *(.rel.dyn)
 *(.note.GNU-stack)
 *(.note.GNU-stack)
 *(.gnu_debuglink)
 *(.gnu.lto_*)
 *(.discard)

.gptab.sdata
 *(.gptab.data)
 *(.gptab.sdata)

.gptab.sbss
 *(.gptab.bss)
 *(.gptab.sbss)

.mdebug.abi32   0x00000000        0x0
 *(.mdebug.abi32)
 .mdebug.abi32  0x00000000        0x0 c:/program files/microchip/xc32/v2.50/bin/bin/../../lib/gcc/pic32mx/4.8.3/crtbegin.o
 .mdebug.abi32  0x00000000        0x0 build/default/production/_ext/60165520/plib_clk.o
 .mdebug.abi32  0x00000000        0x0 build/default/production/_ext/1249264884/plib_coretimer.o
 .mdebug.abi32  0x00000000        0x0 build/default/production/_ext/1865200349/plib_evic.o
 .mdebug.abi32  0x00000000        0x0 build/default/production/_ext/1865254177/plib_gpio.o
 .mdebug.abi32  0x00000000        0x0 build/default/production/_ext/1865657120/plib_uart2.o
 .mdebug.abi32  0x00000000        0x0 build/default/production/_ext/163028504/xc32_monitor.o
 .mdebug.abi32  0x00000000        0x0 build/default/production/_ext/1832805299/sys_console.o
 .mdebug.abi32  0x00000000        0x0 build/default/production/_ext/1832805299/sys_console_uart.o
 .mdebug.abi32  0x00000000        0x0 build/default/production/_ext/944882569/sys_debug.o
 .mdebug.abi32  0x00000000        0x0 build/default/production/_ext/1881668453/sys_int.o
 .mdebug.abi32  0x00000000        0x0 build/default/production/_ext/101884895/sys_time.o
 .mdebug.abi32  0x00000000        0x0 build/default/production/_ext/1171490990/initialization.o
 .mdebug.abi32  0x00000000        0x0 build/default/production/_ext/1171490990/interrupts.o
 .mdebug.abi32  0x00000000        0x0 build/default/production/_ext/1171490990/exceptions.o
 .mdebug.abi32  0x00000000        0x0 build/default/production/_ext/1171490990/tasks.o
 .mdebug.abi32  0x00000000        0x0 build/default/production/_ext/1360937237/main.o
 .mdebug.abi32  0x00000000        0x0 build/default/production/_ext/1360937237/app.o
 .mdebug.abi32  0x00000000        0x0 build/default/production/_ext/1360937237/LedBlink.o
 .mdebug.abi32  0x00000000        0x0 build/default/production/_ext/1360937237/wrapper.o
 .mdebug.abi32  0x00000000        0x0 c:/program files/microchip/xc32/v2.50/bin/bin/../../lib/gcc/pic32mx/4.8.3/../../../../pic32mx/lib\libsupc++.a(class_type_info.o)
 .mdebug.abi32  0x00000000        0x0 c:/program files/microchip/xc32/v2.50/bin/bin/../../lib/gcc/pic32mx/4.8.3/../../../../pic32mx/lib\libsupc++.a(del_op.o)
 .mdebug.abi32  0x00000000        0x0 c:/program files/microchip/xc32/v2.50/bin/bin/../../lib/gcc/pic32mx/4.8.3/../../../../pic32mx/lib\libsupc++.a(eh_personality.o)
 .mdebug.abi32  0x00000000        0x0 c:/program files/microchip/xc32/v2.50/bin/bin/../../lib/gcc/pic32mx/4.8.3/../../../../pic32mx/lib\libsupc++.a(eh_terminate.o)
 .mdebug.abi32  0x00000000        0x0 c:/program files/microchip/xc32/v2.50/bin/bin/../../lib/gcc/pic32mx/4.8.3/../../../../pic32mx/lib\libsupc++.a(eh_throw.o)
 .mdebug.abi32  0x00000000        0x0 c:/program files/microchip/xc32/v2.50/bin/bin/../../lib/gcc/pic32mx/4.8.3/../../../../pic32mx/lib\libsupc++.a(eh_unex_handler.o)
 .mdebug.abi32  0x00000000        0x0 c:/program files/microchip/xc32/v2.50/bin/bin/../../lib/gcc/pic32mx/4.8.3/../../../../pic32mx/lib\libsupc++.a(si_class_type_info.o)
 .mdebug.abi32  0x00000000        0x0 c:/program files/microchip/xc32/v2.50/bin/bin/../../lib/gcc/pic32mx/4.8.3/../../../../pic32mx/lib\libsupc++.a(tinfo.o)
 .mdebug.abi32  0x00000000        0x0 c:/program files/microchip/xc32/v2.50/bin/bin/../../lib/gcc/pic32mx/4.8.3/../../../../pic32mx/lib\libsupc++.a(eh_alloc.o)
 .mdebug.abi32  0x00000000        0x0 c:/program files/microchip/xc32/v2.50/bin/bin/../../lib/gcc/pic32mx/4.8.3/../../../../pic32mx/lib\libsupc++.a(eh_call.o)
 .mdebug.abi32  0x00000000        0x0 c:/program files/microchip/xc32/v2.50/bin/bin/../../lib/gcc/pic32mx/4.8.3/../../../../pic32mx/lib\libsupc++.a(eh_catch.o)
 .mdebug.abi32  0x00000000        0x0 c:/program files/microchip/xc32/v2.50/bin/bin/../../lib/gcc/pic32mx/4.8.3/../../../../pic32mx/lib\libsupc++.a(eh_exception.o)
 .mdebug.abi32  0x00000000        0x0 c:/program files/microchip/xc32/v2.50/bin/bin/../../lib/gcc/pic32mx/4.8.3/../../../../pic32mx/lib\libsupc++.a(eh_globals.o)
 .mdebug.abi32  0x00000000        0x0 c:/program files/microchip/xc32/v2.50/bin/bin/../../lib/gcc/pic32mx/4.8.3/../../../../pic32mx/lib\libsupc++.a(eh_term_handler.o)
 .mdebug.abi32  0x00000000        0x0 c:/program files/microchip/xc32/v2.50/bin/bin/../../lib/gcc/pic32mx/4.8.3/../../../../pic32mx/lib\libsupc++.a(pure.o)
 .mdebug.abi32  0x00000000        0x0 c:/program files/microchip/xc32/v2.50/bin/bin/../../lib/gcc/pic32mx/4.8.3\libgcc.a(_udivdi3.o)
 .mdebug.abi32  0x00000000        0x0 c:/program files/microchip/xc32/v2.50/bin/bin/../../lib/gcc/pic32mx/4.8.3\libgcc.a(unwind-sjlj.o)
 .mdebug.abi32  0x00000000        0x0 c:/program files/microchip/xc32/v2.50/bin/bin/../../lib/gcc/pic32mx/4.8.3/../../../../pic32mx/lib\libpic32.a(default-on-reset.o)
 .mdebug.abi32  0x00000000        0x0 c:/program files/microchip/xc32/v2.50/bin/bin/../../lib/gcc/pic32mx/4.8.3/../../../../pic32mx/lib\libpic32.a(default-on-bootstrap.o)
 .mdebug.abi32  0x00000000        0x0 c:/program files/microchip/xc32/v2.50/bin/bin/../../lib/gcc/pic32mx/4.8.3/../../../../pic32mx/lib\libpic32.a(defaultinterrupt.o)
 .mdebug.abi32  0x00000000        0x0 c:/program files/microchip/xc32/v2.50/bin/bin/../../lib/gcc/pic32mx/4.8.3/../../../../pic32mx/lib\libxcpp.a(abort.o)
 .mdebug.abi32  0x00000000        0x0 c:/program files/microchip/xc32/v2.50/bin/bin/../../lib/gcc/pic32mx/4.8.3/../../../../pic32mx/lib\libxcpp.a(abs.o)
 .mdebug.abi32  0x00000000        0x0 c:/program files/microchip/xc32/v2.50/bin/bin/../../lib/gcc/pic32mx/4.8.3/../../../../pic32mx/lib\libxcpp.a(exit.o)
 .mdebug.abi32  0x00000000        0x0 c:/program files/microchip/xc32/v2.50/bin/bin/../../lib/gcc/pic32mx/4.8.3/../../../../pic32mx/lib\libxcpp.a(free.o)
 .mdebug.abi32  0x00000000        0x0 c:/program files/microchip/xc32/v2.50/bin/bin/../../lib/gcc/pic32mx/4.8.3/../../../../pic32mx/lib\libxcpp.a(malloc.o)
 .mdebug.abi32  0x00000000        0x0 c:/program files/microchip/xc32/v2.50/bin/bin/../../lib/gcc/pic32mx/4.8.3/../../../../pic32mx/lib\libxcpp.a(memcpy.o)
 .mdebug.abi32  0x00000000        0x0 c:/program files/microchip/xc32/v2.50/bin/bin/../../lib/gcc/pic32mx/4.8.3/../../../../pic32mx/lib\libxcpp.a(raise.o)
 .mdebug.abi32  0x00000000        0x0 c:/program files/microchip/xc32/v2.50/bin/bin/../../lib/gcc/pic32mx/4.8.3/../../../../pic32mx/lib\libxcpp.a(vsnprint.o)
 .mdebug.abi32  0x00000000        0x0 c:/program files/microchip/xc32/v2.50/bin/bin/../../lib/gcc/pic32mx/4.8.3/../../../../pic32mx/lib\libxcpp.a(xexit.o)
 .mdebug.abi32  0x00000000        0x0 c:/program files/microchip/xc32/v2.50/bin/bin/../../lib/gcc/pic32mx/4.8.3/../../../../pic32mx/lib\libxcpp.a(xgetmem.o)
 .mdebug.abi32  0x00000000        0x0 c:/program files/microchip/xc32/v2.50/bin/bin/../../lib/gcc/pic32mx/4.8.3/../../../../pic32mx/lib\libxcpp.a(xprintf.o)
 .mdebug.abi32  0x00000000        0x0 c:/program files/microchip/xc32/v2.50/bin/bin/../../lib/gcc/pic32mx/4.8.3/../../../../pic32mx/lib\libxcpp.a(xputfld.o)
 .mdebug.abi32  0x00000000        0x0 c:/program files/microchip/xc32/v2.50/bin/bin/../../lib/gcc/pic32mx/4.8.3/../../../../pic32mx/lib\libxcpp.a(xputstr.o)
 .mdebug.abi32  0x00000000        0x0 c:/program files/microchip/xc32/v2.50/bin/bin/../../lib/gcc/pic32mx/4.8.3/../../../../pic32mx/lib\libxcpp.a(xputtxt.o)
 .mdebug.abi32  0x00000000        0x0 c:/program files/microchip/xc32/v2.50/bin/bin/../../lib/gcc/pic32mx/4.8.3/../../../../pic32mx/lib\libxcpp.a(xstate.o)
 .mdebug.abi32  0x00000000        0x0 c:/program files/microchip/xc32/v2.50/bin/bin/../../lib/gcc/pic32mx/4.8.3/../../../../pic32mx/lib\libxcpp.a(xvacopy.o)
 .mdebug.abi32  0x00000000        0x0 c:/program files/microchip/xc32/v2.50/bin/bin/../../lib/gcc/pic32mx/4.8.3/../../../../pic32mx/lib\libxcpp.a(xwctomb.o)
 .mdebug.abi32  0x00000000        0x0 c:/program files/microchip/xc32/v2.50/bin/bin/../../lib/gcc/pic32mx/4.8.3/../../../../pic32mx/lib\libxcpp.a(xfail_s.o)
 .mdebug.abi32  0x00000000        0x0 c:/program files/microchip/xc32/v2.50/bin/bin/../../lib/gcc/pic32mx/4.8.3/../../../../pic32mx/lib\libxcpp.a(errno.o)
 .mdebug.abi32  0x00000000        0x0 c:/program files/microchip/xc32/v2.50/bin/bin/../../lib/gcc/pic32mx/4.8.3/../../../../pic32mx/lib\libxcpp.a(fputc.o)
 .mdebug.abi32  0x00000000        0x0 c:/program files/microchip/xc32/v2.50/bin/bin/../../lib/gcc/pic32mx/4.8.3/../../../../pic32mx/lib\libxcpp.a(fputs.o)
 .mdebug.abi32  0x00000000        0x0 c:/program files/microchip/xc32/v2.50/bin/bin/../../lib/gcc/pic32mx/4.8.3/../../../../pic32mx/lib\libxcpp.a(memchr.o)
 .mdebug.abi32  0x00000000        0x0 c:/program files/microchip/xc32/v2.50/bin/bin/../../lib/gcc/pic32mx/4.8.3/../../../../pic32mx/lib\libxcpp.a(strchr.o)
 .mdebug.abi32  0x00000000        0x0 c:/program files/microchip/xc32/v2.50/bin/bin/../../lib/gcc/pic32mx/4.8.3/../../../../pic32mx/lib\libxcpp.a(strrchr.o)
 .mdebug.abi32  0x00000000        0x0 c:/program files/microchip/xc32/v2.50/bin/bin/../../lib/gcc/pic32mx/4.8.3/../../../../pic32mx/lib\libxcpp.a(xctype.o)
 .mdebug.abi32  0x00000000        0x0 c:/program files/microchip/xc32/v2.50/bin/bin/../../lib/gcc/pic32mx/4.8.3/../../../../pic32mx/lib\libxcpp.a(xfiles.o)
 .mdebug.abi32  0x00000000        0x0 c:/program files/microchip/xc32/v2.50/bin/bin/../../lib/gcc/pic32mx/4.8.3/../../../../pic32mx/lib\libxcpp.a(xfwprep.o)
 .mdebug.abi32  0x00000000        0x0 c:/program files/microchip/xc32/v2.50/bin/bin/../../lib/gcc/pic32mx/4.8.3/../../../../pic32mx/lib\libxcpp.a(xldtob.o)
 .mdebug.abi32  0x00000000        0x0 c:/program files/microchip/xc32/v2.50/bin/bin/../../lib/gcc/pic32mx/4.8.3/../../../../pic32mx/lib\libxcpp.a(xldunsca.o)
 .mdebug.abi32  0x00000000        0x0 c:/program files/microchip/xc32/v2.50/bin/bin/../../lib/gcc/pic32mx/4.8.3/../../../../pic32mx/lib\libxcpp.a(xlitob.o)
 .mdebug.abi32  0x00000000        0x0 c:/program files/microchip/xc32/v2.50/bin/bin/../../lib/gcc/pic32mx/4.8.3/../../../../pic32mx/lib\libxcpp.a(xlprec.o)
 .mdebug.abi32  0x00000000        0x0 c:/program files/microchip/xc32/v2.50/bin/bin/../../lib/gcc/pic32mx/4.8.3/../../../../pic32mx/lib\libxcpp.a(xlvalues.o)
 .mdebug.abi32  0x00000000        0x0 c:/program files/microchip/xc32/v2.50/bin/bin/../../lib/gcc/pic32mx/4.8.3/../../../../pic32mx/lib\libxcpp.a(xmbtowc.o)
 .mdebug.abi32  0x00000000        0x0 c:/program files/microchip/xc32/v2.50/bin/bin/../../lib/gcc/pic32mx/4.8.3/../../../../pic32mx/lib\libxcpp.a(xwcstate.o)
 .mdebug.abi32  0x00000000        0x0 c:/program files/microchip/xc32/v2.50/bin/bin/../../lib/gcc/pic32mx/4.8.3/../../../../pic32mx/lib\libxcpp.a(strnlen_s.o)
 .mdebug.abi32  0x00000000        0x0 c:/program files/microchip/xc32/v2.50/bin/bin/../../lib/gcc/pic32mx/4.8.3/../../../../pic32mx/lib\libxcpp.a(fclose.o)
 .mdebug.abi32  0x00000000        0x0 c:/program files/microchip/xc32/v2.50/bin/bin/../../lib/gcc/pic32mx/4.8.3/../../../../pic32mx/lib\libxcpp.a(fflush.o)
 .mdebug.abi32  0x00000000        0x0 c:/program files/microchip/xc32/v2.50/bin/bin/../../lib/gcc/pic32mx/4.8.3/../../../../pic32mx/lib\libxcpp.a(ldexpl.o)
 .mdebug.abi32  0x00000000        0x0 c:/program files/microchip/xc32/v2.50/bin/bin/../../lib/gcc/pic32mx/4.8.3/../../../../pic32mx/lib\libxcpp.a(ldiv.o)
 .mdebug.abi32  0x00000000        0x0 c:/program files/microchip/xc32/v2.50/bin/bin/../../lib/gcc/pic32mx/4.8.3/../../../../pic32mx/lib\libxcpp.a(remove.o)
 .mdebug.abi32  0x00000000        0x0 c:/program files/microchip/xc32/v2.50/bin/bin/../../lib/gcc/pic32mx/4.8.3/../../../../pic32mx/lib\libxcpp.a(sqrtl.o)
 .mdebug.abi32  0x00000000        0x0 c:/program files/microchip/xc32/v2.50/bin/bin/../../lib/gcc/pic32mx/4.8.3/../../../../pic32mx/lib\libxcpp.a(xatexit.o)
 .mdebug.abi32  0x00000000        0x0 c:/program files/microchip/xc32/v2.50/bin/bin/../../lib/gcc/pic32mx/4.8.3/../../../../pic32mx/lib\libxcpp.a(xdunscal.o)
 .mdebug.abi32  0x00000000        0x0 c:/program files/microchip/xc32/v2.50/bin/bin/../../lib/gcc/pic32mx/4.8.3/../../../../pic32mx/lib\libxcpp.a(xferaise.o)
 .mdebug.abi32  0x00000000        0x0 c:/program files/microchip/xc32/v2.50/bin/bin/../../lib/gcc/pic32mx/4.8.3/../../../../pic32mx/lib\libxcpp.a(xfofind.o)
 .mdebug.abi32  0x00000000        0x0 c:/program files/microchip/xc32/v2.50/bin/bin/../../lib/gcc/pic32mx/4.8.3/../../../../pic32mx/lib\libxcpp.a(xgenld.o)
 .mdebug.abi32  0x00000000        0x0 c:/program files/microchip/xc32/v2.50/bin/bin/../../lib/gcc/pic32mx/4.8.3/../../../../pic32mx/lib\libxcpp.a(xldint.o)
 .mdebug.abi32  0x00000000        0x0 c:/program files/microchip/xc32/v2.50/bin/bin/../../lib/gcc/pic32mx/4.8.3/../../../../pic32mx/lib\libxcpp.a(xldscale.o)
 .mdebug.abi32  0x00000000        0x0 c:/program files/microchip/xc32/v2.50/bin/bin/../../lib/gcc/pic32mx/4.8.3/../../../../pic32mx/lib\libxcpp.a(xldtest.o)
 .mdebug.abi32  0x00000000        0x0 c:/program files/microchip/xc32/v2.50/bin/bin/../../lib/gcc/pic32mx/4.8.3/../../../../pic32mx/lib\libxcpp.a(feraiseexcept.o)
 .mdebug.abi32  0x00000000        0x0 c:/program files/microchip/xc32/v2.50/bin/bin/../../lib/gcc/pic32mx/4.8.3/../../../../pic32mx/lib\libxcpp.a(div.o)
 .mdebug.abi32  0x00000000        0x0 c:/program files/microchip/xc32/v2.50/bin/bin/../../lib/gcc/pic32mx/4.8.3/../../../../pic32mx/lib\libxcpp.a(localeco.o)
 .mdebug.abi32  0x00000000        0x0 c:/program files/microchip/xc32/v2.50/bin/bin/../../lib/gcc/pic32mx/4.8.3/../../../../pic32mx/lib\libxcpp.a(xdint.o)
 .mdebug.abi32  0x00000000        0x0 c:/program files/microchip/xc32/v2.50/bin/bin/../../lib/gcc/pic32mx/4.8.3/../../../../pic32mx/lib\libxcpp.a(xdnorm.o)
 .mdebug.abi32  0x00000000        0x0 c:/program files/microchip/xc32/v2.50/bin/bin/../../lib/gcc/pic32mx/4.8.3/../../../../pic32mx/lib\libxcpp.a(xdscale.o)
 .mdebug.abi32  0x00000000        0x0 c:/program files/microchip/xc32/v2.50/bin/bin/../../lib/gcc/pic32mx/4.8.3/../../../../pic32mx/lib\libxcpp.a(xdtest.o)
 .mdebug.abi32  0x00000000        0x0 c:/program files/microchip/xc32/v2.50/bin/bin/../../lib/gcc/pic32mx/4.8.3/../../../../pic32mx/lib\libxcpp.a(xvalues.o)
 .mdebug.abi32  0x00000000        0x0 c:/program files/microchip/xc32/v2.50/bin/bin/../../lib/gcc/pic32mx/4.8.3/../../../../pic32mx/lib\libpic32.a(sbrk.o)
 .mdebug.abi32  0x00000000        0x0 c:/program files/microchip/xc32/v2.50/bin/bin/../../lib/gcc/pic32mx/4.8.3/../../../../pic32mx/lib\libpic32.a(_exit.o)
 .mdebug.abi32  0x00000000        0x0 c:/program files/microchip/xc32/v2.50/bin/bin/../../lib/gcc/pic32mx/4.8.3/../../../../pic32mx/lib\libpic32.a(isatty.o)
 .mdebug.abi32  0x00000000        0x0 c:/program files/microchip/xc32/v2.50/bin/bin/../../lib/gcc/pic32mx/4.8.3/../../../../pic32mx/lib\libpic32.a(write.o)
 .mdebug.abi32  0x00000000        0x0 c:/program files/microchip/xc32/v2.50/bin/bin/../../lib/gcc/pic32mx/4.8.3/../../../../pic32mx/lib\libpic32.a(close.o)
 .mdebug.abi32  0x00000000        0x0 c:/program files/microchip/xc32/v2.50/bin/bin/../../lib/gcc/pic32mx/4.8.3/../../../../pic32mx/lib\libpic32.a(unlink.o)
 .mdebug.abi32  0x00000000        0x0 c:/program files/microchip/xc32/v2.50/bin/bin/../../lib/gcc/pic32mx/4.8.3/../../../../pic32mx/lib\libpic32.a(kill.o)
 .mdebug.abi32  0x00000000        0x0 c:/program files/microchip/xc32/v2.50/bin/bin/../../lib/gcc/pic32mx/4.8.3/../../../../pic32mx/lib\libpic32.a(getpid.o)
 .mdebug.abi32  0x00000000        0x0 c:/program files/microchip/xc32/v2.50/bin/bin/../../lib/gcc/pic32mx/4.8.3/../../../../pic32mx/lib\libpic32.a(errno.o)
 .mdebug.abi32  0x00000000        0x0 c:/program files/microchip/xc32/v2.50/bin/bin/../../lib/gcc/pic32mx/4.8.3/../../../../pic32mx/lib\libpic32.a(rmdir.o)
 .mdebug.abi32  0x00000000        0x0 c:/program files/microchip/xc32/v2.50/bin/bin/../../lib/gcc/pic32mx/4.8.3\libgcc.a(_umoddi3.o)
 .mdebug.abi32  0x00000000        0x0 c:/program files/microchip/xc32/v2.50/bin/bin/../../lib/gcc/pic32mx/4.8.3/crtend.o

.mdebug.abiN32
 *(.mdebug.abiN32)

.mdebug.abi64
 *(.mdebug.abi64)

.mdebug.abiO64
 *(.mdebug.abiO64)

.mdebug.eabi32
 *(.mdebug.eabi32)

.mdebug.eabi64
 *(.mdebug.eabi64)

.gcc_compiled_long32
 *(.gcc_compiled_long32)

.gcc_compiled_long64
 *(.gcc_compiled_long64)

.stab
 *(.stab)

.stabstr
 *(.stabstr)

.stab.excl
 *(.stab.excl)

.stab.exclstr
 *(.stab.exclstr)

.stab.index
 *(.stab.index)

.stab.indexstr
 *(.stab.indexstr)

.comment        0x00000000      0x106
 *(.comment)
 .comment       0x00000000       0x3c c:/program files/microchip/xc32/v2.50/bin/bin/../../lib/gcc/pic32mx/4.8.3/crtbegin.o
                                 0x3d (size before relaxing)
 .comment       0x00000000       0x3d build/default/production/_ext/60165520/plib_clk.o
 .comment       0x00000000       0x3d build/default/production/_ext/1249264884/plib_coretimer.o
 .comment       0x00000000       0x3d build/default/production/_ext/1865200349/plib_evic.o
 .comment       0x00000000       0x3d build/default/production/_ext/1865254177/plib_gpio.o
 .comment       0x00000000       0x3d build/default/production/_ext/1865657120/plib_uart2.o
 .comment       0x00000000       0x3d build/default/production/_ext/163028504/xc32_monitor.o
 .comment       0x00000000       0x3d build/default/production/_ext/1832805299/sys_console.o
 .comment       0x00000000       0x3d build/default/production/_ext/1832805299/sys_console_uart.o
 .comment       0x00000000       0x3d build/default/production/_ext/944882569/sys_debug.o
 .comment       0x00000000       0x3d build/default/production/_ext/1881668453/sys_int.o
 .comment       0x00000000       0x3d build/default/production/_ext/101884895/sys_time.o
 .comment       0x00000000       0x3d build/default/production/_ext/1171490990/initialization.o
 .comment       0x00000000       0x3d build/default/production/_ext/1171490990/interrupts.o
 .comment       0x00000000       0x3d build/default/production/_ext/1171490990/exceptions.o
 .comment       0x00000000       0x3d build/default/production/_ext/1171490990/tasks.o
 .comment       0x00000000       0x3d build/default/production/_ext/1360937237/main.o
 .comment       0x00000000       0x3d build/default/production/_ext/1360937237/app.o
 .comment       0x00000000       0x3d build/default/production/_ext/1360937237/LedBlink.o
 .comment       0x00000000       0x3d build/default/production/_ext/1360937237/wrapper.o
 .comment       0x00000000       0x3d c:/program files/microchip/xc32/v2.50/bin/bin/../../lib/gcc/pic32mx/4.8.3/../../../../pic32mx/lib\libsupc++.a(class_type_info.o)
 .comment       0x00000000       0x3d c:/program files/microchip/xc32/v2.50/bin/bin/../../lib/gcc/pic32mx/4.8.3/../../../../pic32mx/lib\libsupc++.a(del_op.o)
 .comment       0x00000000       0x3d c:/program files/microchip/xc32/v2.50/bin/bin/../../lib/gcc/pic32mx/4.8.3/../../../../pic32mx/lib\libsupc++.a(eh_personality.o)
 .comment       0x00000000       0x3d c:/program files/microchip/xc32/v2.50/bin/bin/../../lib/gcc/pic32mx/4.8.3/../../../../pic32mx/lib\libsupc++.a(eh_terminate.o)
 .comment       0x00000000       0x3d c:/program files/microchip/xc32/v2.50/bin/bin/../../lib/gcc/pic32mx/4.8.3/../../../../pic32mx/lib\libsupc++.a(eh_throw.o)
 .comment       0x00000000       0x3d c:/program files/microchip/xc32/v2.50/bin/bin/../../lib/gcc/pic32mx/4.8.3/../../../../pic32mx/lib\libsupc++.a(eh_unex_handler.o)
 .comment       0x00000000       0x3d c:/program files/microchip/xc32/v2.50/bin/bin/../../lib/gcc/pic32mx/4.8.3/../../../../pic32mx/lib\libsupc++.a(si_class_type_info.o)
 .comment       0x00000000       0x3d c:/program files/microchip/xc32/v2.50/bin/bin/../../lib/gcc/pic32mx/4.8.3/../../../../pic32mx/lib\libsupc++.a(tinfo.o)
 .comment       0x00000000       0x3d c:/program files/microchip/xc32/v2.50/bin/bin/../../lib/gcc/pic32mx/4.8.3/../../../../pic32mx/lib\libsupc++.a(eh_alloc.o)
 .comment       0x00000000       0x3d c:/program files/microchip/xc32/v2.50/bin/bin/../../lib/gcc/pic32mx/4.8.3/../../../../pic32mx/lib\libsupc++.a(eh_call.o)
 .comment       0x00000000       0x3d c:/program files/microchip/xc32/v2.50/bin/bin/../../lib/gcc/pic32mx/4.8.3/../../../../pic32mx/lib\libsupc++.a(eh_catch.o)
 .comment       0x00000000       0x3d c:/program files/microchip/xc32/v2.50/bin/bin/../../lib/gcc/pic32mx/4.8.3/../../../../pic32mx/lib\libsupc++.a(eh_exception.o)
 .comment       0x00000000       0x3d c:/program files/microchip/xc32/v2.50/bin/bin/../../lib/gcc/pic32mx/4.8.3/../../../../pic32mx/lib\libsupc++.a(eh_globals.o)
 .comment       0x00000000       0x3d c:/program files/microchip/xc32/v2.50/bin/bin/../../lib/gcc/pic32mx/4.8.3/../../../../pic32mx/lib\libsupc++.a(eh_term_handler.o)
 .comment       0x00000000       0x3d c:/program files/microchip/xc32/v2.50/bin/bin/../../lib/gcc/pic32mx/4.8.3/../../../../pic32mx/lib\libsupc++.a(pure.o)
 .comment       0x00000000       0x3d c:/program files/microchip/xc32/v2.50/bin/bin/../../lib/gcc/pic32mx/4.8.3\libgcc.a(_udivdi3.o)
 .comment       0x00000000       0x3d c:/program files/microchip/xc32/v2.50/bin/bin/../../lib/gcc/pic32mx/4.8.3\libgcc.a(unwind-sjlj.o)
 .comment       0x0000003c       0x18 c:/program files/microchip/xc32/v2.50/bin/bin/../../lib/gcc/pic32mx/4.8.3/../../../../pic32mx/lib\libpic32.a(memset.o)
                                 0x19 (size before relaxing)
 .comment       0x00000054       0x19 c:/program files/microchip/xc32/v2.50/bin/bin/../../lib/gcc/pic32mx/4.8.3/../../../../pic32mx/lib\libpic32.a(strcmp.o)
                                 0x1a (size before relaxing)
 .comment       0x00000000       0x3d c:/program files/microchip/xc32/v2.50/bin/bin/../../lib/gcc/pic32mx/4.8.3/../../../../pic32mx/lib\libpic32.a(default-on-reset.o)
 .comment       0x00000000       0x3d c:/program files/microchip/xc32/v2.50/bin/bin/../../lib/gcc/pic32mx/4.8.3/../../../../pic32mx/lib\libpic32.a(default-on-bootstrap.o)
 .comment       0x00000000       0x3d c:/program files/microchip/xc32/v2.50/bin/bin/../../lib/gcc/pic32mx/4.8.3/../../../../pic32mx/lib\libpic32.a(defaultinterrupt.o)
 .comment       0x00000000       0x3d c:/program files/microchip/xc32/v2.50/bin/bin/../../lib/gcc/pic32mx/4.8.3/../../../../pic32mx/lib\libxcpp.a(abort.o)
 .comment       0x00000000       0x3d c:/program files/microchip/xc32/v2.50/bin/bin/../../lib/gcc/pic32mx/4.8.3/../../../../pic32mx/lib\libxcpp.a(abs.o)
 .comment       0x00000000       0x3d c:/program files/microchip/xc32/v2.50/bin/bin/../../lib/gcc/pic32mx/4.8.3/../../../../pic32mx/lib\libxcpp.a(exit.o)
 .comment       0x00000000       0x3d c:/program files/microchip/xc32/v2.50/bin/bin/../../lib/gcc/pic32mx/4.8.3/../../../../pic32mx/lib\libxcpp.a(free.o)
 .comment       0x00000000       0x3d c:/program files/microchip/xc32/v2.50/bin/bin/../../lib/gcc/pic32mx/4.8.3/../../../../pic32mx/lib\libxcpp.a(malloc.o)
 .comment       0x00000000       0x3d c:/program files/microchip/xc32/v2.50/bin/bin/../../lib/gcc/pic32mx/4.8.3/../../../../pic32mx/lib\libxcpp.a(memcpy.o)
 .comment       0x00000000       0x3d c:/program files/microchip/xc32/v2.50/bin/bin/../../lib/gcc/pic32mx/4.8.3/../../../../pic32mx/lib\libxcpp.a(raise.o)
 .comment       0x00000000       0x3d c:/program files/microchip/xc32/v2.50/bin/bin/../../lib/gcc/pic32mx/4.8.3/../../../../pic32mx/lib\libxcpp.a(vsnprint.o)
 .comment       0x00000000       0x3d c:/program files/microchip/xc32/v2.50/bin/bin/../../lib/gcc/pic32mx/4.8.3/../../../../pic32mx/lib\libxcpp.a(xexit.o)
 .comment       0x00000000       0x3d c:/program files/microchip/xc32/v2.50/bin/bin/../../lib/gcc/pic32mx/4.8.3/../../../../pic32mx/lib\libxcpp.a(xgetmem.o)
 .comment       0x00000000       0x3d c:/program files/microchip/xc32/v2.50/bin/bin/../../lib/gcc/pic32mx/4.8.3/../../../../pic32mx/lib\libxcpp.a(xprintf.o)
 .comment       0x00000000       0x3d c:/program files/microchip/xc32/v2.50/bin/bin/../../lib/gcc/pic32mx/4.8.3/../../../../pic32mx/lib\libxcpp.a(xputfld.o)
 .comment       0x00000000       0x3d c:/program files/microchip/xc32/v2.50/bin/bin/../../lib/gcc/pic32mx/4.8.3/../../../../pic32mx/lib\libxcpp.a(xputstr.o)
 .comment       0x00000000       0x3d c:/program files/microchip/xc32/v2.50/bin/bin/../../lib/gcc/pic32mx/4.8.3/../../../../pic32mx/lib\libxcpp.a(xputtxt.o)
 .comment       0x00000000       0x3d c:/program files/microchip/xc32/v2.50/bin/bin/../../lib/gcc/pic32mx/4.8.3/../../../../pic32mx/lib\libxcpp.a(xstate.o)
 .comment       0x00000000       0x3d c:/program files/microchip/xc32/v2.50/bin/bin/../../lib/gcc/pic32mx/4.8.3/../../../../pic32mx/lib\libxcpp.a(xvacopy.o)
 .comment       0x00000000       0x3d c:/program files/microchip/xc32/v2.50/bin/bin/../../lib/gcc/pic32mx/4.8.3/../../../../pic32mx/lib\libxcpp.a(xwctomb.o)
 .comment       0x00000000       0x3d c:/program files/microchip/xc32/v2.50/bin/bin/../../lib/gcc/pic32mx/4.8.3/../../../../pic32mx/lib\libxcpp.a(xfail_s.o)
 .comment       0x00000000       0x3d c:/program files/microchip/xc32/v2.50/bin/bin/../../lib/gcc/pic32mx/4.8.3/../../../../pic32mx/lib\libxcpp.a(errno.o)
 .comment       0x00000000       0x3d c:/program files/microchip/xc32/v2.50/bin/bin/../../lib/gcc/pic32mx/4.8.3/../../../../pic32mx/lib\libxcpp.a(fputc.o)
 .comment       0x00000000       0x3d c:/program files/microchip/xc32/v2.50/bin/bin/../../lib/gcc/pic32mx/4.8.3/../../../../pic32mx/lib\libxcpp.a(fputs.o)
 .comment       0x00000000       0x3d c:/program files/microchip/xc32/v2.50/bin/bin/../../lib/gcc/pic32mx/4.8.3/../../../../pic32mx/lib\libxcpp.a(memchr.o)
 .comment       0x00000000       0x3d c:/program files/microchip/xc32/v2.50/bin/bin/../../lib/gcc/pic32mx/4.8.3/../../../../pic32mx/lib\libxcpp.a(strchr.o)
 .comment       0x00000000       0x3d c:/program files/microchip/xc32/v2.50/bin/bin/../../lib/gcc/pic32mx/4.8.3/../../../../pic32mx/lib\libxcpp.a(strrchr.o)
 .comment       0x00000000       0x3d c:/program files/microchip/xc32/v2.50/bin/bin/../../lib/gcc/pic32mx/4.8.3/../../../../pic32mx/lib\libxcpp.a(xctype.o)
 .comment       0x00000000       0x3d c:/program files/microchip/xc32/v2.50/bin/bin/../../lib/gcc/pic32mx/4.8.3/../../../../pic32mx/lib\libxcpp.a(xfiles.o)
 .comment       0x00000000       0x3d c:/program files/microchip/xc32/v2.50/bin/bin/../../lib/gcc/pic32mx/4.8.3/../../../../pic32mx/lib\libxcpp.a(xfwprep.o)
 .comment       0x00000000       0x3d c:/program files/microchip/xc32/v2.50/bin/bin/../../lib/gcc/pic32mx/4.8.3/../../../../pic32mx/lib\libxcpp.a(xldtob.o)
 .comment       0x00000000       0x3d c:/program files/microchip/xc32/v2.50/bin/bin/../../lib/gcc/pic32mx/4.8.3/../../../../pic32mx/lib\libxcpp.a(xldunsca.o)
 .comment       0x00000000       0x3d c:/program files/microchip/xc32/v2.50/bin/bin/../../lib/gcc/pic32mx/4.8.3/../../../../pic32mx/lib\libxcpp.a(xlitob.o)
 .comment       0x00000000       0x3d c:/program files/microchip/xc32/v2.50/bin/bin/../../lib/gcc/pic32mx/4.8.3/../../../../pic32mx/lib\libxcpp.a(xlprec.o)
 .comment       0x00000000       0x3d c:/program files/microchip/xc32/v2.50/bin/bin/../../lib/gcc/pic32mx/4.8.3/../../../../pic32mx/lib\libxcpp.a(xlvalues.o)
 .comment       0x00000000       0x3d c:/program files/microchip/xc32/v2.50/bin/bin/../../lib/gcc/pic32mx/4.8.3/../../../../pic32mx/lib\libxcpp.a(xmbtowc.o)
 .comment       0x00000000       0x3d c:/program files/microchip/xc32/v2.50/bin/bin/../../lib/gcc/pic32mx/4.8.3/../../../../pic32mx/lib\libxcpp.a(xwcstate.o)
 .comment       0x00000000       0x3d c:/program files/microchip/xc32/v2.50/bin/bin/../../lib/gcc/pic32mx/4.8.3/../../../../pic32mx/lib\libxcpp.a(strnlen_s.o)
 .comment       0x00000000       0x3d c:/program files/microchip/xc32/v2.50/bin/bin/../../lib/gcc/pic32mx/4.8.3/../../../../pic32mx/lib\libxcpp.a(fclose.o)
 .comment       0x00000000       0x3d c:/program files/microchip/xc32/v2.50/bin/bin/../../lib/gcc/pic32mx/4.8.3/../../../../pic32mx/lib\libxcpp.a(fflush.o)
 .comment       0x00000000       0x3d c:/program files/microchip/xc32/v2.50/bin/bin/../../lib/gcc/pic32mx/4.8.3/../../../../pic32mx/lib\libxcpp.a(ldexpl.o)
 .comment       0x00000000       0x3d c:/program files/microchip/xc32/v2.50/bin/bin/../../lib/gcc/pic32mx/4.8.3/../../../../pic32mx/lib\libxcpp.a(ldiv.o)
 .comment       0x00000000       0x3d c:/program files/microchip/xc32/v2.50/bin/bin/../../lib/gcc/pic32mx/4.8.3/../../../../pic32mx/lib\libxcpp.a(remove.o)
 .comment       0x00000000       0x3d c:/program files/microchip/xc32/v2.50/bin/bin/../../lib/gcc/pic32mx/4.8.3/../../../../pic32mx/lib\libxcpp.a(sqrtl.o)
 .comment       0x00000000       0x3d c:/program files/microchip/xc32/v2.50/bin/bin/../../lib/gcc/pic32mx/4.8.3/../../../../pic32mx/lib\libxcpp.a(xatexit.o)
 .comment       0x00000000       0x3d c:/program files/microchip/xc32/v2.50/bin/bin/../../lib/gcc/pic32mx/4.8.3/../../../../pic32mx/lib\libxcpp.a(xdunscal.o)
 .comment       0x00000000       0x3d c:/program files/microchip/xc32/v2.50/bin/bin/../../lib/gcc/pic32mx/4.8.3/../../../../pic32mx/lib\libxcpp.a(xferaise.o)
 .comment       0x00000000       0x3d c:/program files/microchip/xc32/v2.50/bin/bin/../../lib/gcc/pic32mx/4.8.3/../../../../pic32mx/lib\libxcpp.a(xfofind.o)
 .comment       0x00000000       0x3d c:/program files/microchip/xc32/v2.50/bin/bin/../../lib/gcc/pic32mx/4.8.3/../../../../pic32mx/lib\libxcpp.a(xgenld.o)
 .comment       0x00000000       0x3d c:/program files/microchip/xc32/v2.50/bin/bin/../../lib/gcc/pic32mx/4.8.3/../../../../pic32mx/lib\libxcpp.a(xldint.o)
 .comment       0x00000000       0x3d c:/program files/microchip/xc32/v2.50/bin/bin/../../lib/gcc/pic32mx/4.8.3/../../../../pic32mx/lib\libxcpp.a(xldscale.o)
 .comment       0x00000000       0x3d c:/program files/microchip/xc32/v2.50/bin/bin/../../lib/gcc/pic32mx/4.8.3/../../../../pic32mx/lib\libxcpp.a(xldtest.o)
 .comment       0x00000000       0x3d c:/program files/microchip/xc32/v2.50/bin/bin/../../lib/gcc/pic32mx/4.8.3/../../../../pic32mx/lib\libxcpp.a(feraiseexcept.o)
 .comment       0x00000000       0x3d c:/program files/microchip/xc32/v2.50/bin/bin/../../lib/gcc/pic32mx/4.8.3/../../../../pic32mx/lib\libxcpp.a(div.o)
 .comment       0x00000000       0x3d c:/program files/microchip/xc32/v2.50/bin/bin/../../lib/gcc/pic32mx/4.8.3/../../../../pic32mx/lib\libxcpp.a(localeco.o)
 .comment       0x00000000       0x3d c:/program files/microchip/xc32/v2.50/bin/bin/../../lib/gcc/pic32mx/4.8.3/../../../../pic32mx/lib\libxcpp.a(xdint.o)
 .comment       0x00000000       0x3d c:/program files/microchip/xc32/v2.50/bin/bin/../../lib/gcc/pic32mx/4.8.3/../../../../pic32mx/lib\libxcpp.a(xdnorm.o)
 .comment       0x00000000       0x3d c:/program files/microchip/xc32/v2.50/bin/bin/../../lib/gcc/pic32mx/4.8.3/../../../../pic32mx/lib\libxcpp.a(xdscale.o)
 .comment       0x00000000       0x3d c:/program files/microchip/xc32/v2.50/bin/bin/../../lib/gcc/pic32mx/4.8.3/../../../../pic32mx/lib\libxcpp.a(xdtest.o)
 .comment       0x00000000       0x3d c:/program files/microchip/xc32/v2.50/bin/bin/../../lib/gcc/pic32mx/4.8.3/../../../../pic32mx/lib\libxcpp.a(xvalues.o)
 .comment       0x0000006d       0x4b c:/program files/microchip/xc32/v2.50/bin/bin/../../lib/gcc/pic32mx/4.8.3/../../../../pic32mx/lib\libpic32.a(sbrk.o)
                                 0x88 (size before relaxing)
 .comment       0x00000000       0x3d c:/program files/microchip/xc32/v2.50/bin/bin/../../lib/gcc/pic32mx/4.8.3/../../../../pic32mx/lib\libpic32.a(_exit.o)
 .comment       0x000000b8       0x4e c:/program files/microchip/xc32/v2.50/bin/bin/../../lib/gcc/pic32mx/4.8.3/../../../../pic32mx/lib\libpic32.a(isatty.o)
                                 0x8b (size before relaxing)
 .comment       0x00000000       0x3d c:/program files/microchip/xc32/v2.50/bin/bin/../../lib/gcc/pic32mx/4.8.3/../../../../pic32mx/lib\libpic32.a(write.o)
 .comment       0x00000000       0x3d c:/program files/microchip/xc32/v2.50/bin/bin/../../lib/gcc/pic32mx/4.8.3/../../../../pic32mx/lib\libpic32.a(close.o)
 .comment       0x00000000       0x3d c:/program files/microchip/xc32/v2.50/bin/bin/../../lib/gcc/pic32mx/4.8.3/../../../../pic32mx/lib\libpic32.a(unlink.o)
 .comment       0x00000000       0x3d c:/program files/microchip/xc32/v2.50/bin/bin/../../lib/gcc/pic32mx/4.8.3/../../../../pic32mx/lib\libpic32.a(kill.o)
 .comment       0x00000000       0x3d c:/program files/microchip/xc32/v2.50/bin/bin/../../lib/gcc/pic32mx/4.8.3/../../../../pic32mx/lib\libpic32.a(getpid.o)
 .comment       0x00000000       0x3d c:/program files/microchip/xc32/v2.50/bin/bin/../../lib/gcc/pic32mx/4.8.3/../../../../pic32mx/lib\libpic32.a(errno.o)
 .comment       0x00000000       0x3d c:/program files/microchip/xc32/v2.50/bin/bin/../../lib/gcc/pic32mx/4.8.3/../../../../pic32mx/lib\libpic32.a(rmdir.o)
 .comment       0x00000000       0x3d c:/program files/microchip/xc32/v2.50/bin/bin/../../lib/gcc/pic32mx/4.8.3\libgcc.a(_umoddi3.o)
 .comment       0x00000000       0x3d c:/program files/microchip/xc32/v2.50/bin/bin/../../lib/gcc/pic32mx/4.8.3/crtend.o

.debug
 *.elf(.debug)
 *(.debug)

.line
 *.elf(.line)
 *(.line)

.debug_srcinfo
 *.elf(.debug_srcinfo)
 *(.debug_srcinfo)

.debug_sfnames
 *.elf(.debug_sfnames)
 *(.debug_sfnames)

.debug_aranges  0x00000000      0xf88
 *.elf(.debug_aranges)
 *(.debug_aranges)
 .debug_aranges
                0x00000000       0x20 build/default/production/_ext/60165520/plib_clk.o
 .debug_aranges
                0x00000020       0x68 build/default/production/_ext/1249264884/plib_coretimer.o
 .debug_aranges
                0x00000088       0x68 build/default/production/_ext/1865200349/plib_evic.o
 .debug_aranges
                0x000000f0       0x60 build/default/production/_ext/1865254177/plib_gpio.o
 .debug_aranges
                0x00000150       0xc0 build/default/production/_ext/1865657120/plib_uart2.o
 .debug_aranges
                0x00000210       0x28 build/default/production/_ext/163028504/xc32_monitor.o
 .debug_aranges
                0x00000238       0x88 build/default/production/_ext/1832805299/sys_console.o
 .debug_aranges
                0x000002c0       0x70 build/default/production/_ext/1832805299/sys_console_uart.o
 .debug_aranges
                0x00000330       0x48 build/default/production/_ext/944882569/sys_debug.o
 .debug_aranges
                0x00000378       0x40 build/default/production/_ext/1881668453/sys_int.o
 .debug_aranges
                0x000003b8      0x130 build/default/production/_ext/101884895/sys_time.o
 .debug_aranges
                0x000004e8       0x20 build/default/production/_ext/1171490990/initialization.o
 .debug_aranges
                0x00000508       0x28 build/default/production/_ext/1171490990/interrupts.o
 .debug_aranges
                0x00000530       0x28 build/default/production/_ext/1171490990/exceptions.o
 .debug_aranges
                0x00000558       0x20 build/default/production/_ext/1171490990/tasks.o
 .debug_aranges
                0x00000578       0x20 build/default/production/_ext/1360937237/main.o
 .debug_aranges
                0x00000598       0x28 build/default/production/_ext/1360937237/app.o
 .debug_aranges
                0x000005c0       0x38 build/default/production/_ext/1360937237/LedBlink.o
 .debug_aranges
                0x000005f8       0x20 build/default/production/_ext/1360937237/wrapper.o
 .debug_aranges
                0x00000618       0x20 c:/program files/microchip/xc32/v2.50/bin/bin/../../lib/gcc/pic32mx/4.8.3\libgcc.a(_udivdi3.o)
 .debug_aranges
                0x00000638       0x20 c:/program files/microchip/xc32/v2.50/bin/bin/../../lib/gcc/pic32mx/4.8.3\libgcc.a(unwind-sjlj.o)
 .debug_aranges
                0x00000658       0x20 c:/program files/microchip/xc32/v2.50/bin/bin/../../lib/gcc/pic32mx/4.8.3/../../../../pic32mx/lib\libpic32.a(default-on-reset.o)
 .debug_aranges
                0x00000678       0x20 c:/program files/microchip/xc32/v2.50/bin/bin/../../lib/gcc/pic32mx/4.8.3/../../../../pic32mx/lib\libpic32.a(default-on-bootstrap.o)
 .debug_aranges
                0x00000698       0x20 c:/program files/microchip/xc32/v2.50/bin/bin/../../lib/gcc/pic32mx/4.8.3/../../../../pic32mx/lib\libpic32.a(defaultinterrupt.o)
 .debug_aranges
                0x000006b8       0x20 c:/program files/microchip/xc32/v2.50/bin/bin/../../lib/gcc/pic32mx/4.8.3/../../../../pic32mx/lib\libxcpp.a(abort.o)
 .debug_aranges
                0x000006d8       0x20 c:/program files/microchip/xc32/v2.50/bin/bin/../../lib/gcc/pic32mx/4.8.3/../../../../pic32mx/lib\libxcpp.a(abs.o)
 .debug_aranges
                0x000006f8       0x30 c:/program files/microchip/xc32/v2.50/bin/bin/../../lib/gcc/pic32mx/4.8.3/../../../../pic32mx/lib\libxcpp.a(exit.o)
 .debug_aranges
                0x00000728       0x20 c:/program files/microchip/xc32/v2.50/bin/bin/../../lib/gcc/pic32mx/4.8.3/../../../../pic32mx/lib\libxcpp.a(free.o)
 .debug_aranges
                0x00000748       0x20 c:/program files/microchip/xc32/v2.50/bin/bin/../../lib/gcc/pic32mx/4.8.3/../../../../pic32mx/lib\libxcpp.a(malloc.o)
 .debug_aranges
                0x00000768       0x20 c:/program files/microchip/xc32/v2.50/bin/bin/../../lib/gcc/pic32mx/4.8.3/../../../../pic32mx/lib\libxcpp.a(memcpy.o)
 .debug_aranges
                0x00000788       0x20 c:/program files/microchip/xc32/v2.50/bin/bin/../../lib/gcc/pic32mx/4.8.3/../../../../pic32mx/lib\libxcpp.a(raise.o)
 .debug_aranges
                0x000007a8       0x28 c:/program files/microchip/xc32/v2.50/bin/bin/../../lib/gcc/pic32mx/4.8.3/../../../../pic32mx/lib\libxcpp.a(vsnprint.o)
 .debug_aranges
                0x000007d0       0x20 c:/program files/microchip/xc32/v2.50/bin/bin/../../lib/gcc/pic32mx/4.8.3/../../../../pic32mx/lib\libxcpp.a(xexit.o)
 .debug_aranges
                0x000007f0       0x20 c:/program files/microchip/xc32/v2.50/bin/bin/../../lib/gcc/pic32mx/4.8.3/../../../../pic32mx/lib\libxcpp.a(xgetmem.o)
 .debug_aranges
                0x00000810       0x20 c:/program files/microchip/xc32/v2.50/bin/bin/../../lib/gcc/pic32mx/4.8.3/../../../../pic32mx/lib\libxcpp.a(xprintf.o)
 .debug_aranges
                0x00000830       0x20 c:/program files/microchip/xc32/v2.50/bin/bin/../../lib/gcc/pic32mx/4.8.3/../../../../pic32mx/lib\libxcpp.a(xputfld.o)
 .debug_aranges
                0x00000850       0x20 c:/program files/microchip/xc32/v2.50/bin/bin/../../lib/gcc/pic32mx/4.8.3/../../../../pic32mx/lib\libxcpp.a(xputstr.o)
 .debug_aranges
                0x00000870       0x20 c:/program files/microchip/xc32/v2.50/bin/bin/../../lib/gcc/pic32mx/4.8.3/../../../../pic32mx/lib\libxcpp.a(xputtxt.o)
 .debug_aranges
                0x00000890       0x28 c:/program files/microchip/xc32/v2.50/bin/bin/../../lib/gcc/pic32mx/4.8.3/../../../../pic32mx/lib\libxcpp.a(xstate.o)
 .debug_aranges
                0x000008b8       0x20 c:/program files/microchip/xc32/v2.50/bin/bin/../../lib/gcc/pic32mx/4.8.3/../../../../pic32mx/lib\libxcpp.a(xvacopy.o)
 .debug_aranges
                0x000008d8       0x28 c:/program files/microchip/xc32/v2.50/bin/bin/../../lib/gcc/pic32mx/4.8.3/../../../../pic32mx/lib\libxcpp.a(xwctomb.o)
 .debug_aranges
                0x00000900       0x38 c:/program files/microchip/xc32/v2.50/bin/bin/../../lib/gcc/pic32mx/4.8.3/../../../../pic32mx/lib\libxcpp.a(xfail_s.o)
 .debug_aranges
                0x00000938       0x20 c:/program files/microchip/xc32/v2.50/bin/bin/../../lib/gcc/pic32mx/4.8.3/../../../../pic32mx/lib\libxcpp.a(errno.o)
 .debug_aranges
                0x00000958       0x20 c:/program files/microchip/xc32/v2.50/bin/bin/../../lib/gcc/pic32mx/4.8.3/../../../../pic32mx/lib\libxcpp.a(fputc.o)
 .debug_aranges
                0x00000978       0x20 c:/program files/microchip/xc32/v2.50/bin/bin/../../lib/gcc/pic32mx/4.8.3/../../../../pic32mx/lib\libxcpp.a(fputs.o)
 .debug_aranges
                0x00000998       0x20 c:/program files/microchip/xc32/v2.50/bin/bin/../../lib/gcc/pic32mx/4.8.3/../../../../pic32mx/lib\libxcpp.a(memchr.o)
 .debug_aranges
                0x000009b8       0x20 c:/program files/microchip/xc32/v2.50/bin/bin/../../lib/gcc/pic32mx/4.8.3/../../../../pic32mx/lib\libxcpp.a(strchr.o)
 .debug_aranges
                0x000009d8       0x20 c:/program files/microchip/xc32/v2.50/bin/bin/../../lib/gcc/pic32mx/4.8.3/../../../../pic32mx/lib\libxcpp.a(strrchr.o)
 .debug_aranges
                0x000009f8       0x20 c:/program files/microchip/xc32/v2.50/bin/bin/../../lib/gcc/pic32mx/4.8.3/../../../../pic32mx/lib\libxcpp.a(xctype.o)
 .debug_aranges
                0x00000a18       0x20 c:/program files/microchip/xc32/v2.50/bin/bin/../../lib/gcc/pic32mx/4.8.3/../../../../pic32mx/lib\libxcpp.a(xfwprep.o)
 .debug_aranges
                0x00000a38       0x20 c:/program files/microchip/xc32/v2.50/bin/bin/../../lib/gcc/pic32mx/4.8.3/../../../../pic32mx/lib\libxcpp.a(xldtob.o)
 .debug_aranges
                0x00000a58       0x20 c:/program files/microchip/xc32/v2.50/bin/bin/../../lib/gcc/pic32mx/4.8.3/../../../../pic32mx/lib\libxcpp.a(xldunsca.o)
 .debug_aranges
                0x00000a78       0x20 c:/program files/microchip/xc32/v2.50/bin/bin/../../lib/gcc/pic32mx/4.8.3/../../../../pic32mx/lib\libxcpp.a(xlitob.o)
 .debug_aranges
                0x00000a98       0x70 c:/program files/microchip/xc32/v2.50/bin/bin/../../lib/gcc/pic32mx/4.8.3/../../../../pic32mx/lib\libxcpp.a(xlprec.o)
 .debug_aranges
                0x00000b08       0x28 c:/program files/microchip/xc32/v2.50/bin/bin/../../lib/gcc/pic32mx/4.8.3/../../../../pic32mx/lib\libxcpp.a(xmbtowc.o)
 .debug_aranges
                0x00000b30       0x20 c:/program files/microchip/xc32/v2.50/bin/bin/../../lib/gcc/pic32mx/4.8.3/../../../../pic32mx/lib\libxcpp.a(xwcstate.o)
 .debug_aranges
                0x00000b50       0x20 c:/program files/microchip/xc32/v2.50/bin/bin/../../lib/gcc/pic32mx/4.8.3/../../../../pic32mx/lib\libxcpp.a(strnlen_s.o)
 .debug_aranges
                0x00000b70       0x30 c:/program files/microchip/xc32/v2.50/bin/bin/../../lib/gcc/pic32mx/4.8.3/../../../../pic32mx/lib\libxcpp.a(fclose.o)
 .debug_aranges
                0x00000ba0       0x20 c:/program files/microchip/xc32/v2.50/bin/bin/../../lib/gcc/pic32mx/4.8.3/../../../../pic32mx/lib\libxcpp.a(fflush.o)
 .debug_aranges
                0x00000bc0       0x20 c:/program files/microchip/xc32/v2.50/bin/bin/../../lib/gcc/pic32mx/4.8.3/../../../../pic32mx/lib\libxcpp.a(ldexpl.o)
 .debug_aranges
                0x00000be0       0x20 c:/program files/microchip/xc32/v2.50/bin/bin/../../lib/gcc/pic32mx/4.8.3/../../../../pic32mx/lib\libxcpp.a(ldiv.o)
 .debug_aranges
                0x00000c00       0x20 c:/program files/microchip/xc32/v2.50/bin/bin/../../lib/gcc/pic32mx/4.8.3/../../../../pic32mx/lib\libxcpp.a(remove.o)
 .debug_aranges
                0x00000c20       0x20 c:/program files/microchip/xc32/v2.50/bin/bin/../../lib/gcc/pic32mx/4.8.3/../../../../pic32mx/lib\libxcpp.a(sqrtl.o)
 .debug_aranges
                0x00000c40       0x20 c:/program files/microchip/xc32/v2.50/bin/bin/../../lib/gcc/pic32mx/4.8.3/../../../../pic32mx/lib\libxcpp.a(xatexit.o)
 .debug_aranges
                0x00000c60       0x20 c:/program files/microchip/xc32/v2.50/bin/bin/../../lib/gcc/pic32mx/4.8.3/../../../../pic32mx/lib\libxcpp.a(xdunscal.o)
 .debug_aranges
                0x00000c80       0x20 c:/program files/microchip/xc32/v2.50/bin/bin/../../lib/gcc/pic32mx/4.8.3/../../../../pic32mx/lib\libxcpp.a(xferaise.o)
 .debug_aranges
                0x00000ca0       0x28 c:/program files/microchip/xc32/v2.50/bin/bin/../../lib/gcc/pic32mx/4.8.3/../../../../pic32mx/lib\libxcpp.a(xfofind.o)
 .debug_aranges
                0x00000cc8       0x20 c:/program files/microchip/xc32/v2.50/bin/bin/../../lib/gcc/pic32mx/4.8.3/../../../../pic32mx/lib\libxcpp.a(xgenld.o)
 .debug_aranges
                0x00000ce8       0x20 c:/program files/microchip/xc32/v2.50/bin/bin/../../lib/gcc/pic32mx/4.8.3/../../../../pic32mx/lib\libxcpp.a(xldint.o)
 .debug_aranges
                0x00000d08       0x20 c:/program files/microchip/xc32/v2.50/bin/bin/../../lib/gcc/pic32mx/4.8.3/../../../../pic32mx/lib\libxcpp.a(xldscale.o)
 .debug_aranges
                0x00000d28       0x20 c:/program files/microchip/xc32/v2.50/bin/bin/../../lib/gcc/pic32mx/4.8.3/../../../../pic32mx/lib\libxcpp.a(xldtest.o)
 .debug_aranges
                0x00000d48       0x20 c:/program files/microchip/xc32/v2.50/bin/bin/../../lib/gcc/pic32mx/4.8.3/../../../../pic32mx/lib\libxcpp.a(feraiseexcept.o)
 .debug_aranges
                0x00000d68       0x20 c:/program files/microchip/xc32/v2.50/bin/bin/../../lib/gcc/pic32mx/4.8.3/../../../../pic32mx/lib\libxcpp.a(div.o)
 .debug_aranges
                0x00000d88       0x20 c:/program files/microchip/xc32/v2.50/bin/bin/../../lib/gcc/pic32mx/4.8.3/../../../../pic32mx/lib\libxcpp.a(localeco.o)
 .debug_aranges
                0x00000da8       0x20 c:/program files/microchip/xc32/v2.50/bin/bin/../../lib/gcc/pic32mx/4.8.3/../../../../pic32mx/lib\libxcpp.a(xdint.o)
 .debug_aranges
                0x00000dc8       0x20 c:/program files/microchip/xc32/v2.50/bin/bin/../../lib/gcc/pic32mx/4.8.3/../../../../pic32mx/lib\libxcpp.a(xdnorm.o)
 .debug_aranges
                0x00000de8       0x20 c:/program files/microchip/xc32/v2.50/bin/bin/../../lib/gcc/pic32mx/4.8.3/../../../../pic32mx/lib\libxcpp.a(xdscale.o)
 .debug_aranges
                0x00000e08       0x20 c:/program files/microchip/xc32/v2.50/bin/bin/../../lib/gcc/pic32mx/4.8.3/../../../../pic32mx/lib\libxcpp.a(xdtest.o)
 .debug_aranges
                0x00000e28       0x40 c:/program files/microchip/xc32/v2.50/bin/bin/../../lib/gcc/pic32mx/4.8.3/../../../../pic32mx/lib\libpic32.a(sbrk.o)
 .debug_aranges
                0x00000e68       0x20 c:/program files/microchip/xc32/v2.50/bin/bin/../../lib/gcc/pic32mx/4.8.3/../../../../pic32mx/lib\libpic32.a(_exit.o)
 .debug_aranges
                0x00000e88       0x20 c:/program files/microchip/xc32/v2.50/bin/bin/../../lib/gcc/pic32mx/4.8.3/../../../../pic32mx/lib\libpic32.a(isatty.o)
 .debug_aranges
                0x00000ea8       0x20 c:/program files/microchip/xc32/v2.50/bin/bin/../../lib/gcc/pic32mx/4.8.3/../../../../pic32mx/lib\libpic32.a(write.o)
 .debug_aranges
                0x00000ec8       0x20 c:/program files/microchip/xc32/v2.50/bin/bin/../../lib/gcc/pic32mx/4.8.3/../../../../pic32mx/lib\libpic32.a(close.o)
 .debug_aranges
                0x00000ee8       0x20 c:/program files/microchip/xc32/v2.50/bin/bin/../../lib/gcc/pic32mx/4.8.3/../../../../pic32mx/lib\libpic32.a(unlink.o)
 .debug_aranges
                0x00000f08       0x20 c:/program files/microchip/xc32/v2.50/bin/bin/../../lib/gcc/pic32mx/4.8.3/../../../../pic32mx/lib\libpic32.a(kill.o)
 .debug_aranges
                0x00000f28       0x20 c:/program files/microchip/xc32/v2.50/bin/bin/../../lib/gcc/pic32mx/4.8.3/../../../../pic32mx/lib\libpic32.a(getpid.o)
 .debug_aranges
                0x00000f48       0x20 c:/program files/microchip/xc32/v2.50/bin/bin/../../lib/gcc/pic32mx/4.8.3/../../../../pic32mx/lib\libpic32.a(rmdir.o)
 .debug_aranges
                0x00000f68       0x20 c:/program files/microchip/xc32/v2.50/bin/bin/../../lib/gcc/pic32mx/4.8.3\libgcc.a(_umoddi3.o)

.debug_pubnames
 *.elf(.debug_pubnames)
 *(.debug_pubnames)

.debug_info     0x00000000    0x10a38
 *.elf(.debug_info .gnu.linkonce.wi.*)
 *(.debug_info .gnu.linkonce.wi.*)
 .debug_info    0x00000000      0x521 build/default/production/_ext/60165520/plib_clk.o
 .debug_info    0x00000521      0x77a build/default/production/_ext/1249264884/plib_coretimer.o
 .debug_info    0x00000c9b      0xadb build/default/production/_ext/1865200349/plib_evic.o
 .debug_info    0x00001776      0x52e build/default/production/_ext/1865254177/plib_gpio.o
 .debug_info    0x00001ca4     0x1297 build/default/production/_ext/1865657120/plib_uart2.o
 .debug_info    0x00002f3b      0x10a build/default/production/_ext/163028504/xc32_monitor.o
 .debug_info    0x00003045     0x11a6 build/default/production/_ext/1832805299/sys_console.o
 .debug_info    0x000041eb     0x1149 build/default/production/_ext/1832805299/sys_console_uart.o
 .debug_info    0x00005334      0x598 build/default/production/_ext/944882569/sys_debug.o
 .debug_info    0x000058cc      0xa53 build/default/production/_ext/1881668453/sys_int.o
 .debug_info    0x0000631f     0x286d build/default/production/_ext/101884895/sys_time.o
 .debug_info    0x00008b8c     0x17bc build/default/production/_ext/1171490990/initialization.o
 .debug_info    0x0000a348      0x1f5 build/default/production/_ext/1171490990/interrupts.o
 .debug_info    0x0000a53d      0x2aa build/default/production/_ext/1171490990/exceptions.o
 .debug_info    0x0000a7e7      0x18a build/default/production/_ext/1171490990/tasks.o
 .debug_info    0x0000a971      0x1ad build/default/production/_ext/1360937237/main.o
 .debug_info    0x0000ab1e      0x243 build/default/production/_ext/1360937237/app.o
 .debug_info    0x0000ad61      0x634 build/default/production/_ext/1360937237/LedBlink.o
 .debug_info    0x0000b395      0x194 build/default/production/_ext/1360937237/wrapper.o
 .debug_info    0x0000b529      0x74b c:/program files/microchip/xc32/v2.50/bin/bin/../../lib/gcc/pic32mx/4.8.3\libgcc.a(_udivdi3.o)
 .debug_info    0x0000bc74     0x1269 c:/program files/microchip/xc32/v2.50/bin/bin/../../lib/gcc/pic32mx/4.8.3\libgcc.a(unwind-sjlj.o)
 .debug_info    0x0000cedd       0xcd c:/program files/microchip/xc32/v2.50/bin/bin/../../lib/gcc/pic32mx/4.8.3/../../../../pic32mx/lib\libpic32.a(default-on-reset.o)
 .debug_info    0x0000cfaa       0xd5 c:/program files/microchip/xc32/v2.50/bin/bin/../../lib/gcc/pic32mx/4.8.3/../../../../pic32mx/lib\libpic32.a(default-on-bootstrap.o)
 .debug_info    0x0000d07f       0xe7 c:/program files/microchip/xc32/v2.50/bin/bin/../../lib/gcc/pic32mx/4.8.3/../../../../pic32mx/lib\libpic32.a(defaultinterrupt.o)
 .debug_info    0x0000d166       0xb9 c:/program files/microchip/xc32/v2.50/bin/bin/../../lib/gcc/pic32mx/4.8.3/../../../../pic32mx/lib\libxcpp.a(abort.o)
 .debug_info    0x0000d21f       0xb5 c:/program files/microchip/xc32/v2.50/bin/bin/../../lib/gcc/pic32mx/4.8.3/../../../../pic32mx/lib\libxcpp.a(abs.o)
 .debug_info    0x0000d2d4       0xe7 c:/program files/microchip/xc32/v2.50/bin/bin/../../lib/gcc/pic32mx/4.8.3/../../../../pic32mx/lib\libxcpp.a(exit.o)
 .debug_info    0x0000d3bb       0xb7 c:/program files/microchip/xc32/v2.50/bin/bin/../../lib/gcc/pic32mx/4.8.3/../../../../pic32mx/lib\libxcpp.a(free.o)
 .debug_info    0x0000d472       0xc7 c:/program files/microchip/xc32/v2.50/bin/bin/../../lib/gcc/pic32mx/4.8.3/../../../../pic32mx/lib\libxcpp.a(malloc.o)
 .debug_info    0x0000d539       0xbb c:/program files/microchip/xc32/v2.50/bin/bin/../../lib/gcc/pic32mx/4.8.3/../../../../pic32mx/lib\libxcpp.a(memcpy.o)
 .debug_info    0x0000d5f4       0xb9 c:/program files/microchip/xc32/v2.50/bin/bin/../../lib/gcc/pic32mx/4.8.3/../../../../pic32mx/lib\libxcpp.a(raise.o)
 .debug_info    0x0000d6ad       0xd4 c:/program files/microchip/xc32/v2.50/bin/bin/../../lib/gcc/pic32mx/4.8.3/../../../../pic32mx/lib\libxcpp.a(vsnprint.o)
 .debug_info    0x0000d781       0xb9 c:/program files/microchip/xc32/v2.50/bin/bin/../../lib/gcc/pic32mx/4.8.3/../../../../pic32mx/lib\libxcpp.a(xexit.o)